dmesg
[    0.000000] microcode: microcode updated early to revision 0x411, date = 2019-04-23
[    0.000000] Initializing cgroup subsys cpuset
[    0.000000] Initializing cgroup subsys cpu
[    0.000000] Initializing cgroup subsys cpuacct
[    0.000000] Linux version 3.18.0-19679-gd1d0bbedf35d (chrome-bot@chromeos-legacy-release-us-east1-d-x32-3-7rgm) (gcc version 4.9.x 20150123 (prerelease) (4.9.2_cos_gg_4.9.2-r205-ac6128e0a17a52f011797f33ac3e7d6273a9368d_4.9.2-r205) ) #1 SMP PREEMPT Tue Aug 6 05:51:57 PDT 2019
[    0.000000] Command line: cros_secure console= loglevel=7 init=/sbin/init cros_secure root=/dev/dm-0 rootwait ro dm_verity.error_behavior=3 dm_verity.max_bios=-1 dm_verity.dev_wait=1 dm="1 vroot none ro 1,0 3686400 verity payload=PARTUUID=7de0c0f8-b983-8f4a-8c58-ee7b6626c0ce/PARTNROFF=1 hashtree=PARTUUID=7de0c0f8-b983-8f4a-8c58-ee7b6626c0ce/PARTNROFF=1 hashstart=3686400 alg=sha1 root_hexdigest=b2969e14dff9817910af4d8edabc2c0c66f49e79 salt=f02758353c90c3bbe0a5951e8323037c23ad154d04dbc8c850fb3f0bc4e7bde1" noinitrd vt.global_cursor_default=0 kern_guid=7de0c0f8-b983-8f4a-8c58-ee7b6626c0ce add_efi_memmap boot=local noresume noswap i915.modeset=1 tpm_tis.force=1 tpm_tis.interrupts=0 nmi_watchdog=panic,lapic disablevmx=off  
[    0.000000] e820: BIOS-provided physical RAM map:
[    0.000000] BIOS-e820: [mem 0x0000000000000000-0x0000000000000fff] type 16
[    0.000000] BIOS-e820: [mem 0x0000000000001000-0x000000000009ffff] usable
[    0.000000] BIOS-e820: [mem 0x00000000000a0000-0x00000000000fffff] reserved
[    0.000000] BIOS-e820: [mem 0x0000000000100000-0x000000001fffffff] usable
[    0.000000] BIOS-e820: [mem 0x0000000020000000-0x00000000200fffff] reserved
[    0.000000] BIOS-e820: [mem 0x0000000020100000-0x000000007cc12fff] usable
[    0.000000] BIOS-e820: [mem 0x000000007cc13000-0x000000007cffffff] type 16
[    0.000000] BIOS-e820: [mem 0x000000007d000000-0x000000007fffffff] reserved
[    0.000000] BIOS-e820: [mem 0x00000000e0000000-0x00000000efffffff] reserved
[    0.000000] BIOS-e820: [mem 0x00000000fea00000-0x00000000febfffff] reserved
[    0.000000] BIOS-e820: [mem 0x00000000fed01000-0x00000000fed01fff] reserved
[    0.000000] BIOS-e820: [mem 0x00000000fed03000-0x00000000fed03fff] reserved
[    0.000000] BIOS-e820: [mem 0x00000000fed06000-0x00000000fed06fff] reserved
[    0.000000] BIOS-e820: [mem 0x00000000fed08000-0x00000000fed08fff] reserved
[    0.000000] BIOS-e820: [mem 0x00000000fed1c000-0x00000000fed1cfff] reserved
[    0.000000] BIOS-e820: [mem 0x00000000fed40000-0x00000000fed44fff] reserved
[    0.000000] BIOS-e820: [mem 0x00000000fed80000-0x00000000fed83fff] reserved
[    0.000000] BIOS-e820: [mem 0x0000000100000000-0x000000017fffffff] usable
[    0.000000] NX (Execute Disable) protection: active
[    0.000000] SMBIOS 2.7 present.
[    0.000000] DMI: GOOGLE Banon, BIOS Google_Banon.7287.422.0 07/15/2018
[    0.000000] e820: update [mem 0x00000000-0x00000fff] usable ==> reserved
[    0.000000] e820: remove [mem 0x000a0000-0x000fffff] usable
[    0.000000] AGP: No AGP bridge found
[    0.000000] e820: last_pfn = 0x180000 max_arch_pfn = 0x400000000
[    0.000000] MTRR default type: uncachable
[    0.000000] MTRR fixed ranges enabled:
[    0.000000]   00000-9FFFF write-back
[    0.000000]   A0000-BFFFF uncachable
[    0.000000]   C0000-FFFFF write-back
[    0.000000] MTRR variable ranges enabled:
[    0.000000]   0 base 000000000 mask F80000000 write-back
[    0.000000]   1 base 07D800000 mask FFF800000 uncachable
[    0.000000]   2 base 07E000000 mask FFE000000 uncachable
[    0.000000]   3 base 0FF800000 mask FFF800000 uncachable
[    0.000000]   4 base 100000000 mask F00000000 write-back
[    0.000000]   5 disabled
[    0.000000]   6 disabled
[    0.000000]   7 disabled
[    0.000000] PAT configuration [0-7]: WB  WC  UC- UC  WB  WC  UC- UC  
[    0.000000] e820: update [mem 0x7d800000-0xffffffff] usable ==> reserved
[    0.000000] e820: last_pfn = 0x7cc13 max_arch_pfn = 0x400000000
[    0.000000] Scanning 1 areas for low memory corruption
[    0.000000] Base memory trampoline at [ffff880000098000] 98000 size 28672
[    0.000000] init_memory_mapping: [mem 0x00000000-0x000fffff]
[    0.000000]  [mem 0x00000000-0x000fffff] page 4k
[    0.000000] BRK [0x11954000, 0x11954fff] PGTABLE
[    0.000000] BRK [0x11955000, 0x11955fff] PGTABLE
[    0.000000] BRK [0x11956000, 0x11956fff] PGTABLE
[    0.000000] init_memory_mapping: [mem 0x17fe00000-0x17fffffff]
[    0.000000]  [mem 0x17fe00000-0x17fffffff] page 2M
[    0.000000] BRK [0x11957000, 0x11957fff] PGTABLE
[    0.000000] init_memory_mapping: [mem 0x17c000000-0x17fdfffff]
[    0.000000]  [mem 0x17c000000-0x17fdfffff] page 2M
[    0.000000] init_memory_mapping: [mem 0x100000000-0x17bffffff]
[    0.000000]  [mem 0x100000000-0x17bffffff] page 2M
[    0.000000] BRK [0x11958000, 0x11958fff] PGTABLE
[    0.000000] init_memory_mapping: [mem 0x00100000-0x1fffffff]
[    0.000000]  [mem 0x00100000-0x001fffff] page 4k
[    0.000000]  [mem 0x00200000-0x1fffffff] page 2M
[    0.000000] init_memory_mapping: [mem 0x20100000-0x7cc12fff]
[    0.000000]  [mem 0x20100000-0x201fffff] page 4k
[    0.000000]  [mem 0x20200000-0x7cbfffff] page 2M
[    0.000000]  [mem 0x7cc00000-0x7cc12fff] page 4k
[    0.000000] BRK [0x11959000, 0x11959fff] PGTABLE
[    0.000000] ACPI: Early table checksum verification disabled
[    0.000000] ACPI: RSDP 0x00000000000F0000 000024 (v02 CORE  )
[    0.000000] ACPI: XSDT 0x000000007CD1D0E0 00004C (v01 CORE   COREBOOT 00000000 CORE 00000000)
[    0.000000] ACPI: FACP 0x000000007CD21730 0000F4 (v03 CORE   COREBOOT 00000000 CORE 00000001)
[    0.000000] ACPI: DSDT 0x000000007CD1D250 0044D7 (v05 COREv4 COREBOOT 20110725 INTL 20130117)
[    0.000000] ACPI: FACS 0x000000007CD1D210 000040
[    0.000000] ACPI: HPET 0x000000007CD21830 000038 (v01 CORE   COREBOOT 00000000 CORE 00000000)
[    0.000000] ACPI: APIC 0x000000007CD21870 00005C (v01 CORE   COREBOOT 00000000 CORE 00000000)
[    0.000000] ACPI: MCFG 0x000000007CD218D0 00003C (v01 CORE   COREBOOT 00000000 CORE 00000000)
[    0.000000] ACPI: SSDT 0x000000007CD249C0 000920 (v02 CORE   COREBOOT 0000002A CORE 0000002A)
[    0.000000] ACPI: Local APIC address 0xfee00000
[    0.000000]  [ffffea0000000000-ffffea0005ffffff] PMD -> [ffff88017b600000-ffff88017f5fffff] on node 0
[    0.000000] Zone ranges:
[    0.000000]   DMA      [mem 0x00001000-0x00ffffff]
[    0.000000]   DMA32    [mem 0x01000000-0xffffffff]
[    0.000000]   Normal   [mem 0x100000000-0x17fffffff]
[    0.000000] Movable zone start for each node
[    0.000000] Early memory node ranges
[    0.000000]   node   0: [mem 0x00001000-0x0009ffff]
[    0.000000]   node   0: [mem 0x00100000-0x1fffffff]
[    0.000000]   node   0: [mem 0x20100000-0x7cc12fff]
[    0.000000]   node   0: [mem 0x100000000-0x17fffffff]
[    0.000000] Initmem setup node 0 [mem 0x00001000-0x17fffffff]
[    0.000000] On node 0 totalpages: 1034930
[    0.000000]   DMA zone: 64 pages used for memmap
[    0.000000]   DMA zone: 23 pages reserved
[    0.000000]   DMA zone: 3999 pages, LIFO batch:0
[    0.000000]   DMA32 zone: 7917 pages used for memmap
[    0.000000]   DMA32 zone: 506643 pages, LIFO batch:31
[    0.000000]   Normal zone: 8192 pages used for memmap
[    0.000000]   Normal zone: 524288 pages, LIFO batch:31
[    0.000000] Reserving Intel graphics stolen memory at 0x7e000000-0x7fffffff
[    0.000000] ACPI: PM-Timer IO Port: 0x408
[    0.000000] ACPI: Local APIC address 0xfee00000
[    0.000000] IOAPIC[0]: apic_id 2, version 32, address 0xfec00000, GSI 0-114
[    0.000000] ACPI: INT_SRC_OVR (bus 0 bus_irq 0 global_irq 2 dfl dfl)
[    0.000000] ACPI: INT_SRC_OVR (bus 0 bus_irq 9 global_irq 9 high level)
[    0.000000] ACPI: IRQ0 used by override.
[    0.000000] ACPI: IRQ9 used by override.
[    0.000000] Using ACPI (MADT) for SMP configuration information
[    0.000000] ACPI: HPET id: 0x8086a201 base: 0xfed00000
[    0.000000] smpboot: Allowing 2 CPUs, 0 hotplug CPUs
[    0.000000] e820: [mem 0x80000000-0xdfffffff] available for PCI devices
[    0.000000] setup_percpu: NR_CPUS:4 nr_cpumask_bits:4 nr_cpu_ids:2 nr_node_ids:1
[    0.000000] PERCPU: Embedded 30 pages/cpu @ffff88017fc00000 s84160 r8192 d30528 u1048576
[    0.000000] pcpu-alloc: s84160 r8192 d30528 u1048576 alloc=1*2097152
[    0.000000] pcpu-alloc: [0] 0 1 
[    0.000000] Built 1 zonelists in Zone order, mobility grouping on.  Total pages: 1018734
[    0.000000] Kernel command line: cros_secure console= loglevel=7 init=/sbin/init cros_secure root=/dev/dm-0 rootwait ro dm_verity.error_behavior=3 dm_verity.max_bios=-1 dm_verity.dev_wait=1 dm="1 vroot none ro 1,0 3686400 verity payload=PARTUUID=7de0c0f8-b983-8f4a-8c58-ee7b6626c0ce/PARTNROFF=1 hashtree=PARTUUID=7de0c0f8-b983-8f4a-8c58-ee7b6626c0ce/PARTNROFF=1 hashstart=3686400 alg=sha1 root_hexdigest=b2969e14dff9817910af4d8edabc2c0c66f49e79 salt=f02758353c90c3bbe0a5951e8323037c23ad154d04dbc8c850fb3f0bc4e7bde1" noinitrd vt.global_cursor_default=0 kern_guid=7de0c0f8-b983-8f4a-8c58-ee7b6626c0ce add_efi_memmap boot=local noresume noswap i915.modeset=1 tpm_tis.force=1 tpm_tis.interrupts=0 nmi_watchdog=panic,lapic disablevmx=off  
[    0.000000] device-mapper: init: will configure 1 devices
[    0.000000] PID hash table entries: 4096 (order: 3, 32768 bytes)
[    0.000000] Dentry cache hash table entries: 524288 (order: 10, 4194304 bytes)
[    0.000000] Inode-cache hash table entries: 262144 (order: 9, 2097152 bytes)
[    0.000000] Enabling VMX on cpu 0
[    0.000000] wrmsrl_safe (MSR_IA32_FEATURE_CONTROL, 00000007) failed error -5
[    0.000000] AGP: Checking aperture...
[    0.000000] AGP: No AGP bridge found
[    0.000000] Memory: 3985728K/4139720K available (8080K kernel code, 1092K rwdata, 3112K rodata, 1244K init, 1040K bss, 153992K reserved)
[    0.000000] SLUB: HWalign=64, Order=0-3, MinObjects=0, CPUs=2, Nodes=1
[    0.000000] Kernel/User page tables isolation: enabled
[    0.000000] Preemptible hierarchical RCU implementation.
[    0.000000]  CONFIG_RCU_FANOUT set to non-default value of 32
[    0.000000]  RCU restricting CPUs from NR_CPUS=4 to nr_cpu_ids=2.
[    0.000000] RCU: Adjusting geometry for rcu_fanout_leaf=16, nr_cpu_ids=2
[    0.000000] NR_IRQS:4352 nr_irqs:512 0
[    0.000000] hpet clockevent registered
[    0.000000] Initial TSC value: 2702997300
[    0.000000] Initial usec timer 1689373
[    0.000000] tsc: Detected 1600.000 MHz processor
[    0.000004] Calibrating delay loop (skipped), value calculated using timer frequency.. 3200.00 BogoMIPS (lpj=1600000)
[    0.000009] pid_max: default: 32768 minimum: 301
[    0.000025] ACPI: Core revision 20140926
[    0.004786] ACPI: All ACPI Tables successfully acquired
[    0.004798] acpi_enable!
[    0.007193] ACPI mode enable smi_command = 0xb2 val = 0xe1
[    0.007234] Security Framework initialized
[    0.007241] SELinux:  Initializing.
[    0.007255] SELinux:  Starting in permissive mode
[    0.007258] Yama: becoming mindful.
[    0.007266] Chromium OS LSM: enabled
[    0.007283] Mount-cache hash table entries: 8192 (order: 4, 65536 bytes)
[    0.007288] Mountpoint-cache hash table entries: 8192 (order: 4, 65536 bytes)
[    0.007595] Initializing cgroup subsys devices
[    0.007602] Initializing cgroup subsys freezer
[    0.007629] CPU: Physical Processor ID: 0
[    0.007632] CPU: Processor Core ID: 0
[    0.007637] ENERGY_PERF_BIAS: Set to 'normal', was 'performance'
               ENERGY_PERF_BIAS: View and update with x86_energy_perf_policy(8)
[    0.012916] mce: CPU supports 6 MCE banks
[    0.012926] CPU0: Thermal monitoring enabled (TM1)
[    0.012931] process: using mwait in idle threads
[    0.012937] Last level iTLB entries: 4KB 48, 2MB 0, 4MB 0
               Last level dTLB entries: 4KB 256, 2MB 16, 4MB 16, 1GB 0
[    0.012949] Spectre V2 mitigation: Mitigation: Full generic retpoline
[    0.013086] Freeing SMP alternatives memory: 20K (ffffffff9184a000 - ffffffff9184f000)
[    0.013091] ftrace: allocating 29478 entries in 116 pages
[    0.039040] ..TIMER: vector=0x30 apic1=0 pin1=2 apic2=-1 pin2=-1
[    0.049075] smpboot: CPU0: Intel(R) Celeron(R) CPU  N3060  @ 1.60GHz (fam: 06, model: 4c, stepping: 04)
[    0.049091] TSC deadline timer enabled
[    0.049129] Performance Events: PEBS fmt2+, 8-deep LBR, Silvermont events, full-width counters, Intel PMU driver.
[    0.049145] ... version:                3
[    0.049147] ... bit width:              40
[    0.049150] ... generic registers:      2
[    0.049152] ... value mask:             000000ffffffffff
[    0.049154] ... max period:             000000ffffffffff
[    0.049155] ... fixed-purpose events:   3
[    0.049157] ... event mask:             0000000700000003
[    0.068212] x86: Booting SMP configuration:
[    0.068218] .... node  #0, CPUs:      #1
[    0.081014] Enabling VMX on cpu 1
[    0.081021] wrmsrl_safe (MSR_IA32_FEATURE_CONTROL, 00000007) failed error -5
[    0.088566] NMI watchdog: enabled on all CPUs, permanently consumes one hw-PMU counter.
[    0.088598] x86: Booted up 1 node, 2 CPUs
[    0.088602] smpboot: Total of 2 processors activated (6400.00 BogoMIPS)
[    0.089458] devtmpfs: initialized
[    0.092474] pinctrl core: initialized pinctrl subsystem
[    0.092570] RTC time: 17:31:32, date: 09/04/19
[    0.092858] NET: Registered protocol family 16
[    0.099507] cpuidle: using governor ladder
[    0.105530] cpuidle: using governor menu
[    0.105925] Switched to clocksource hpet
[    0.105933] ACPI: bus type PCI registered
[    0.106038] PCI: MMCONFIG for domain 0000 [bus 00-ff] at [mem 0xe0000000-0xefffffff] (base 0xe0000000)
[    0.106043] PCI: MMCONFIG at [mem 0xe0000000-0xefffffff] reserved in E820
[    0.106494] PCI: Using configuration type 1 for base access
[    0.115855] ACPI: Added _OSI(Module Device)
[    0.115862] ACPI: Added _OSI(Processor Device)
[    0.115864] ACPI: Added _OSI(3.0 _SCP Extensions)
[    0.115867] ACPI: Added _OSI(Processor Aggregator Device)
[    0.133444] ACPI: Interpreter enabled
[    0.133458] ACPI Exception: AE_NOT_FOUND, While evaluating Sleep State [\_S1_] (20140926/hwxface-580)
[    0.133466] ACPI Exception: AE_NOT_FOUND, While evaluating Sleep State [\_S2_] (20140926/hwxface-580)
[    0.133484] ACPI: (supports S0 S3 S5)
[    0.133488] ACPI: Using IOAPIC for interrupt routing
[    0.133534] PCI: Using host bridge windows from ACPI; if necessary, use "pci=nocrs" and report a bug
[    0.145518] ACPI: Power Resource [PLPE] (on)
[    0.151212] ACPI: PCI Root Bridge [PCI0] (domain 0000 [bus 00-ff])
[    0.151224] acpi PNP0A08:00: _OSC: OS supports [ExtendedConfig ASPM ClockPM Segments MSI]
[    0.151306] acpi PNP0A08:00: _OSC: OS now controls [PCIeHotplug PME AER PCIeCapability]
[    0.151526] PCI host bridge to bus 0000:00
[    0.151532] pci_bus 0000:00: root bus resource [bus 00-ff]
[    0.151537] pci_bus 0000:00: root bus resource [io  0x0000-0x0cf7]
[    0.151541] pci_bus 0000:00: root bus resource [io  0x0d00-0xffff]
[    0.151545] pci_bus 0000:00: root bus resource [mem 0x000a0000-0x000bffff]
[    0.151548] pci_bus 0000:00: root bus resource [mem 0x000c0000-0x000c3fff]
[    0.151552] pci_bus 0000:00: root bus resource [mem 0x000c4000-0x000c7fff]
[    0.151555] pci_bus 0000:00: root bus resource [mem 0x000c8000-0x000cbfff]
[    0.151559] pci_bus 0000:00: root bus resource [mem 0x000cc000-0x000cffff]
[    0.151563] pci_bus 0000:00: root bus resource [mem 0x000d0000-0x000d3fff]
[    0.151566] pci_bus 0000:00: root bus resource [mem 0x000d4000-0x000d7fff]
[    0.151570] pci_bus 0000:00: root bus resource [mem 0x000d8000-0x000dbfff]
[    0.151574] pci_bus 0000:00: root bus resource [mem 0x000dc000-0x000dffff]
[    0.151577] pci_bus 0000:00: root bus resource [mem 0x000e0000-0x000e3fff]
[    0.151581] pci_bus 0000:00: root bus resource [mem 0x000e4000-0x000e7fff]
[    0.151585] pci_bus 0000:00: root bus resource [mem 0x000e8000-0x000ebfff]
[    0.151588] pci_bus 0000:00: root bus resource [mem 0x000ec000-0x000effff]
[    0.151592] pci_bus 0000:00: root bus resource [mem 0x000f0000-0x000fffff]
[    0.151596] pci_bus 0000:00: root bus resource [mem 0x80000000-0xfeafffff]
[    0.151599] pci_bus 0000:00: root bus resource [mem 0xfed40000-0xfed44fff]
[    0.151616] pci 0000:00:00.0: [8086:2280] type 00 class 0x060000
[    0.151749] pci 0000:00:02.0: [8086:22b1] type 00 class 0x030000
[    0.151777] pci 0000:00:02.0: reg 0x10: [mem 0xd0000000-0xd0ffffff 64bit]
[    0.151793] pci 0000:00:02.0: reg 0x18: [mem 0xc0000000-0xcfffffff 64bit pref]
[    0.151804] pci 0000:00:02.0: reg 0x20: [io  0x1000-0x103f]
[    0.151976] pci 0000:00:0b.0: [8086:22dc] type 00 class 0x118000
[    0.152000] pci 0000:00:0b.0: reg 0x10: [mem 0xd131c000-0xd131cfff 64bit]
[    0.152167] pci 0000:00:14.0: [8086:22b5] type 00 class 0x0c0330
[    0.152192] pci 0000:00:14.0: reg 0x10: [mem 0xd1300000-0xd130ffff 64bit]
[    0.152267] pci 0000:00:14.0: PME# supported from D3hot D3cold
[    0.152311] pci 0000:00:14.0: System wakeup disabled by ACPI
[    0.152397] pci 0000:00:1b.0: [8086:2284] type 00 class 0x040300
[    0.152427] pci 0000:00:1b.0: reg 0x10: [mem 0xd1314000-0xd1317fff 64bit]
[    0.152519] pci 0000:00:1b.0: PME# supported from D0 D3hot D3cold
[    0.152720] pci 0000:00:1c.0: [8086:22c8] type 01 class 0x060400
[    0.153520] pci 0000:00:1c.0: PME# supported from D0 D3hot D3cold
[    0.153838] pci 0000:00:1c.2: [8086:22cc] type 01 class 0x060400
[    0.154696] pci 0000:00:1c.2: PME# supported from D0 D3hot D3cold
[    0.154944] pci 0000:00:1f.0: [8086:229c] type 00 class 0x060100
[    0.155539] pci 0000:00:1c.0: PCI bridge to [bus 01]
[    0.156354] pci 0000:02:00.0: [8086:095a] type 00 class 0x028000
[    0.156555] pci 0000:02:00.0: reg 0x10: [mem 0xd1200000-0xd1201fff 64bit]
[    0.157288] pci 0000:02:00.0: PME# supported from D0 D3hot D3cold
[    0.159145] pci 0000:00:1c.2: PCI bridge to [bus 02]
[    0.159199] pci 0000:00:1c.2:   bridge window [mem 0xd1200000-0xd12fffff]
[    0.159532] pci_bus 0000:00: on NUMA node 0
[    0.159758] ACPI: PCI Interrupt Link [LNKA] (IRQs 1 3 4 5 6 7 10 12 14 15) *0
[    0.159863] ACPI: PCI Interrupt Link [LNKB] (IRQs 1 3 4 5 6 7 11 12 14 15) *0
[    0.159976] ACPI: PCI Interrupt Link [LNKC] (IRQs 1 3 4 5 6 7 10 12 14 15) *0
[    0.160075] ACPI: PCI Interrupt Link [LNKD] (IRQs 1 3 4 5 6 7 11 12 14 15) *0
[    0.160174] ACPI: PCI Interrupt Link [LNKE] (IRQs 1 3 4 5 6 7 10 12 14 15) *0
[    0.160273] ACPI: PCI Interrupt Link [LNKF] (IRQs 1 3 4 5 6 7 11 12 14 15) *0
[    0.160372] ACPI: PCI Interrupt Link [LNKG] (IRQs 1 3 4 5 6 7 10 12 14 15) *0
[    0.160471] ACPI: PCI Interrupt Link [LNKH] (IRQs 1 3 4 5 6 7 11 12 14 15) *0
[    0.161414] gpiochip_find_base: found new base at 456
[    0.161464] gpiochip_add: registered GPIOs 456 to 511 on device: INT33FF:00
[    0.161469] GPIO chip INT33FF:00: created GPIO range 0->7 ==> INT33FF:00 PIN 0->7
[    0.161473] GPIO chip INT33FF:00: created GPIO range 8->15 ==> INT33FF:00 PIN 15->22
[    0.161476] GPIO chip INT33FF:00: created GPIO range 16->23 ==> INT33FF:00 PIN 30->37
[    0.161479] GPIO chip INT33FF:00: created GPIO range 24->31 ==> INT33FF:00 PIN 45->52
[    0.161482] GPIO chip INT33FF:00: created GPIO range 32->39 ==> INT33FF:00 PIN 60->67
[    0.161486] GPIO chip INT33FF:00: created GPIO range 40->47 ==> INT33FF:00 PIN 75->82
[    0.161489] GPIO chip INT33FF:00: created GPIO range 48->55 ==> INT33FF:00 PIN 90->97
[    0.161780] gpiochip_find_base: found new base at 397
[    0.161826] gpiochip_add: registered GPIOs 397 to 455 on device: INT33FF:01
[    0.161830] GPIO chip INT33FF:01: created GPIO range 0->8 ==> INT33FF:01 PIN 0->8
[    0.161834] GPIO chip INT33FF:01: created GPIO range 9->21 ==> INT33FF:01 PIN 15->27
[    0.161837] GPIO chip INT33FF:01: created GPIO range 22->33 ==> INT33FF:01 PIN 30->41
[    0.161840] GPIO chip INT33FF:01: created GPIO range 34->45 ==> INT33FF:01 PIN 45->56
[    0.161844] GPIO chip INT33FF:01: created GPIO range 46->58 ==> INT33FF:01 PIN 60->72
[    0.162352] gpiochip_find_base: found new base at 373
[    0.162397] gpiochip_add: registered GPIOs 373 to 396 on device: INT33FF:02
[    0.162402] GPIO chip INT33FF:02: created GPIO range 0->11 ==> INT33FF:02 PIN 0->11
[    0.162406] GPIO chip INT33FF:02: created GPIO range 12->23 ==> INT33FF:02 PIN 15->26
[    0.162642] gpiochip_find_base: found new base at 318
[    0.162688] gpiochip_add: registered GPIOs 318 to 372 on device: INT33FF:03
[    0.162692] GPIO chip INT33FF:03: created GPIO range 0->7 ==> INT33FF:03 PIN 0->7
[    0.162696] GPIO chip INT33FF:03: created GPIO range 8->19 ==> INT33FF:03 PIN 15->26
[    0.162699] GPIO chip INT33FF:03: created GPIO range 20->25 ==> INT33FF:03 PIN 30->35
[    0.162702] GPIO chip INT33FF:03: created GPIO range 26->33 ==> INT33FF:03 PIN 45->52
[    0.162706] GPIO chip INT33FF:03: created GPIO range 34->43 ==> INT33FF:03 PIN 60->69
[    0.162709] GPIO chip INT33FF:03: created GPIO range 44->54 ==> INT33FF:03 PIN 75->85
[    0.173689] ACPI : EC: GPE = 0x10, I/O: command/status = 0x66, data = 0x62
[    0.174105] dw_dmac INTL9C60:00: DesignWare DMA Controller, 8 channels
[    0.174394] dw_dmac INTL9C60:01: DesignWare DMA Controller, 8 channels
[    0.174581] SCSI subsystem initialized
[    0.174706] libata version 3.00 loaded.
[    0.179363] ACPI: bus type USB registered
[    0.179410] usbcore: registered new interface driver usbfs
[    0.179430] usbcore: registered new interface driver hub
[    0.179460] usbcore: registered new device driver usb
[    0.186735] Linux video capture interface: v2.00
[    0.191964] chromeos_acpi: registering CHSW 0
[    0.198037] chromeos_acpi: registering VBNV 0
[    0.198043] chromeos_acpi: registering VBNV 1
[    0.198372] chromeos_acpi: truncating buffer from 3072 to 1336
[    0.198677] chromeos_acpi: installed
[    0.198680] chromeos_acpi: chromeos_acpi: enabling S3 USB wake
[    0.203995] Advanced Linux Sound Architecture Driver Initialized.
[    0.204003] PCI: Using ACPI for IRQ routing
[    0.212459] PCI: pci_cache_line_size set to 64 bytes
[    0.212845] Expanded resource reserved due to conflict with PCI Bus 0000:00
[    0.212849] e820: reserve RAM buffer [mem 0x7cc13000-0x7fffffff]
[    0.213594] hpet0: at MMIO 0xfed00000, IRQs 2, 8, 0
[    0.213602] hpet0: 3 comparators, 64-bit 14.318180 MHz counter
[    0.215645] amd_nb: Cannot enumerate AMD northbridges
[    0.231476] pnp: PnP ACPI init
[    0.231667] system 00:00: [mem 0xfeb00000-0xfebfffff] has been reserved
[    0.231675] system 00:00: [mem 0xe0000000-0xefffffff] could not be reserved
[    0.231680] system 00:00: [mem 0xfed03000-0xfed033ff] has been reserved
[    0.231684] system 00:00: [mem 0xfed08000-0xfed083ff] has been reserved
[    0.231688] system 00:00: [mem 0xfed01000-0xfed013ff] has been reserved
[    0.231692] system 00:00: [mem 0xfea00000-0xfeafffff] has been reserved
[    0.231696] system 00:00: [mem 0xfed06000-0xfed067ff] has been reserved
[    0.231701] system 00:00: [mem 0xfed1c000-0xfed1c3ff] has been reserved
[    0.231709] system 00:00: Plug and Play ACPI device, IDs PNP0c02 (active)
[    0.232252] system 00:01: [mem 0xfed00000-0xfed003ff] has been reserved
[    0.232259] system 00:01: Plug and Play ACPI device, IDs PNP0103 PNP0c01 (active)
[    0.232339] system 00:02: Plug and Play ACPI device, IDs PNP0c02 (active)
[    0.232392] pnp 00:03: Plug and Play ACPI device, IDs PNP0b00 (active)
[    0.232474] system 00:04: [io  0x0900-0x09fe] has been reserved
[    0.232481] system 00:04: Plug and Play ACPI device, IDs PNP0c02 (active)
[    0.232556] system 00:05: [io  0x0200] has been reserved
[    0.232562] system 00:05: [io  0x0204] has been reserved
[    0.232566] system 00:05: [io  0x0800-0x087f] has been reserved
[    0.232570] system 00:05: [io  0x0880-0x08ff] has been reserved
[    0.232576] system 00:05: Plug and Play ACPI device, IDs PNP0c02 (active)
[    0.232610] acpi PNP0303:00: GPIO: looking up 0 in _CRS
[    0.232627] pnp 00:06: [irq 182]
[    0.232665] pnp 00:06: Plug and Play ACPI device, IDs PNP0303 PNP030b (active)
[    0.242997] pnp 00:07: Plug and Play ACPI device, IDs PNP0c31 (active)
[    0.255051] pnp: PnP ACPI: found 8 devices
[    0.260519] pci 0000:00:1c.0: bridge window [io  0x1000-0x0fff] to [bus 01] add_size 1000
[    0.260526] pci 0000:00:1c.0: bridge window [mem 0x00100000-0x000fffff 64bit pref] to [bus 01] add_size 200000
[    0.260531] pci 0000:00:1c.0: bridge window [mem 0x00100000-0x000fffff] to [bus 01] add_size 200000
[    0.260608] pci 0000:00:1c.0: res[8]=[mem 0x00100000-0x000fffff] get_res_add_size add_size 200000
[    0.260613] pci 0000:00:1c.0: res[9]=[mem 0x00100000-0x000fffff 64bit pref] get_res_add_size add_size 200000
[    0.260617] pci 0000:00:1c.0: res[7]=[io  0x1000-0x0fff] get_res_add_size add_size 1000
[    0.260633] pci 0000:00:1c.0: BAR 8: assigned [mem 0x80000000-0x801fffff]
[    0.260654] pci 0000:00:1c.0: BAR 9: assigned [mem 0x80200000-0x803fffff 64bit pref]
[    0.260660] pci 0000:00:1c.0: BAR 7: assigned [io  0x2000-0x2fff]
[    0.260664] pci 0000:00:1c.0: PCI bridge to [bus 01]
[    0.260688] pci 0000:00:1c.0:   bridge window [io  0x2000-0x2fff]
[    0.260732] pci 0000:00:1c.0:   bridge window [mem 0x80000000-0x801fffff]
[    0.260766] pci 0000:00:1c.0:   bridge window [mem 0x80200000-0x803fffff 64bit pref]
[    0.260819] pci 0000:00:1c.2: PCI bridge to [bus 02]
[    0.260863] pci 0000:00:1c.2:   bridge window [mem 0xd1200000-0xd12fffff]
[    0.260958] pci_bus 0000:00: resource 4 [io  0x0000-0x0cf7]
[    0.260962] pci_bus 0000:00: resource 5 [io  0x0d00-0xffff]
[    0.260966] pci_bus 0000:00: resource 6 [mem 0x000a0000-0x000bffff]
[    0.260969] pci_bus 0000:00: resource 7 [mem 0x000c0000-0x000c3fff]
[    0.260973] pci_bus 0000:00: resource 8 [mem 0x000c4000-0x000c7fff]
[    0.260977] pci_bus 0000:00: resource 9 [mem 0x000c8000-0x000cbfff]
[    0.260980] pci_bus 0000:00: resource 10 [mem 0x000cc000-0x000cffff]
[    0.260984] pci_bus 0000:00: resource 11 [mem 0x000d0000-0x000d3fff]
[    0.260988] pci_bus 0000:00: resource 12 [mem 0x000d4000-0x000d7fff]
[    0.260991] pci_bus 0000:00: resource 13 [mem 0x000d8000-0x000dbfff]
[    0.260995] pci_bus 0000:00: resource 14 [mem 0x000dc000-0x000dffff]
[    0.260999] pci_bus 0000:00: resource 15 [mem 0x000e0000-0x000e3fff]
[    0.261002] pci_bus 0000:00: resource 16 [mem 0x000e4000-0x000e7fff]
[    0.261006] pci_bus 0000:00: resource 17 [mem 0x000e8000-0x000ebfff]
[    0.261009] pci_bus 0000:00: resource 18 [mem 0x000ec000-0x000effff]
[    0.261013] pci_bus 0000:00: resource 19 [mem 0x000f0000-0x000fffff]
[    0.261017] pci_bus 0000:00: resource 20 [mem 0x80000000-0xfeafffff]
[    0.261021] pci_bus 0000:00: resource 21 [mem 0xfed40000-0xfed44fff]
[    0.261024] pci_bus 0000:01: resource 0 [io  0x2000-0x2fff]
[    0.261028] pci_bus 0000:01: resource 1 [mem 0x80000000-0x801fffff]
[    0.261032] pci_bus 0000:01: resource 2 [mem 0x80200000-0x803fffff 64bit pref]
[    0.261036] pci_bus 0000:02: resource 1 [mem 0xd1200000-0xd12fffff]
[    0.261091] NET: Registered protocol family 2
[    0.261376] TCP established hash table entries: 32768 (order: 6, 262144 bytes)
[    0.261474] TCP bind hash table entries: 32768 (order: 8, 1048576 bytes)
[    0.261813] TCP: Hash tables configured (established 32768 bind 32768)
[    0.261892] TCP: reno registered
[    0.261909] UDP hash table entries: 2048 (order: 5, 196608 bytes)
[    0.262022] UDP-Lite hash table entries: 2048 (order: 5, 196608 bytes)
[    0.262218] NET: Registered protocol family 1
[    0.262257] pci 0000:00:02.0: Video device with shadowed ROM
[    0.263366] PCI: CLS 64 bytes, default 64
[    0.263498] PCI-DMA: Using software bounce buffering for IO (SWIOTLB)
[    0.263503] software IO TLB [mem 0x78c13000-0x7cc13000] (64MB) mapped at [ffff880078c13000-ffff88007cc12fff]
[    0.264204] kvm: already loaded the other module
[    0.264583] Scanning for low memory corruption every 60 seconds
[    0.264810] SSE version of gcm_enc/dec engaged.
[    0.266034] futex hash table entries: 512 (order: 3, 32768 bytes)
[    0.266075] audit: initializing netlink subsys (disabled)
[    0.266108] audit: type=2000 audit(1567618292.224:1): initialized
[    0.269699] VFS: Disk quotas dquot_6.5.2
[    0.269766] Dquot-cache hash table entries: 512 (order 0, 4096 bytes)
[    0.270383] squashfs: version 4.0 (2009/01/31) Phillip Lougher
[    0.270559] Registering esdfs 0.2
[    0.270626] msgmni has been set to 7784
[    0.270651] SELinux:  Registering netfilter hooks
[    0.270791] device_jail: allocated device range 263192576 -> 263192832
[    0.270971] alt_syscall: table 'read_write_test' available.
[    0.270995] alt_syscall: table 'android' available.
[    0.271014] alt_syscall: table 'android_permissive' available.
[    0.271028] alt_syscall: table 'third_party' available.
[    0.271042] alt_syscall: table 'third_party_permissive' available.
[    0.271059] alt_syscall: table 'complete' available.
[    0.271073] alt_syscall: table 'complete_permissive' available.
[    0.272276] Block layer SCSI generic (bsg) driver version 0.4 loaded (major 250)
[    0.272283] io scheduler noop registered
[    0.272288] io scheduler deadline registered
[    0.272382] io scheduler cfq registered (default)
[    0.282983] pcieport 0000:00:1c.0: enabling device (0100 -> 0103)
[    0.283270] pcieport 0000:00:1c.0: irq 309 for MSI/MSI-X
[    0.284443] pcieport 0000:00:1c.2: irq 310 for MSI/MSI-X
[    0.285082] pcieport 0000:00:1c.0: Signaling PME through PCIe PME interrupt
[    0.285118] pcie_pme 0000:00:1c.0:pcie01: service driver pcie_pme loaded
[    0.285243] pcieport 0000:00:1c.2: Signaling PME through PCIe PME interrupt
[    0.285247] pci 0000:02:00.0: Signaling PME through PCIe PME interrupt
[    0.285281] pcie_pme 0000:00:1c.2:pcie01: service driver pcie_pme loaded
[    0.285313] pci_hotplug: PCI Hot Plug PCI Core version: 0.5
[    0.285419] pciehp 0000:00:1c.0:pcie04: Slot #0 AttnBtn- AttnInd- PwrInd- PwrCtrl- MRL- Interlock- NoCompl+ LLActRep+
[    0.285515] pciehp 0000:00:1c.0:pcie04: service driver pciehp loaded
[    0.285527] pciehp: PCI Express Hot Plug Controller Driver version: 0.4
[    0.285586] intel_idle: MWAIT substates: 0x33000020
[    0.285589] intel_idle: v0.4 model 0x4C
[    0.285591] intel_idle: lapic_timer_reliable_states 0xffffffff
[    0.286326] ACPI: AC Adapter [AC] (off-line)
[    0.286513] input: Lid Switch as /devices/LNXSYSTM:00/LNXSYBUS:00/PNP0C0D:00/input/input0
[    0.292727] ACPI: Lid Switch [LID0]
[    0.292967] input: Power Button as /devices/LNXSYSTM:00/LNXSYBUS:00/PNP0C0C:00/input/input1
[    0.292973] ACPI: Power Button [PWRB]
[    0.293114] input: Power Button as /devices/LNXSYSTM:00/LNXPWRBN:00/input/input2
[    0.293119] ACPI: Power Button [PWRF]
[    0.295896] Non-volatile memory driver v1.3
[    0.296028] Linux agpgart interface v0.103
[    0.315359] ACPI: Battery Slot [BAT0] (battery present)
[    0.326600] DID VID 0
[    0.326628] DID VID b15d1
[    0.326660] tpm_tis tpm_tis: 1.2 TPM (device-id 0xB, rev-id 16) [gentle shutdown]
[    0.459728] [drm] Initialized drm 1.1.0 20060810
[    0.463662] [drm] Memory usable by graphics device = 1024M
[    0.517368] i915 0000:00:02.0: irq 311 for MSI/MSI-X
[    0.517440] [drm] Supports vblank timestamp caching Rev 2 (21.10.2013).
[    0.517446] [drm] Driver supports precise vblank timestamp query.
[    0.817335] [drm] Initialized i915 1.6.0 20150717 for 0000:00:02.0 on minor 0
[    0.817940] [drm] Initialized vgem 1.0.0 20120112 on minor 1
[    0.817972] usbcore: registered new interface driver udl
[    0.820626] loop: module loaded
[    0.820778] lkdtm: No crash points registered, enable through debugfs
[    0.823782] cros_ec_lpcs GOOG0004:00: Chrome EC device registered
[    0.832528] PPP generic driver version 2.4.2
[    0.832836] PPP MPPE Compression module registered
[    0.832842] NET: Registered protocol family 24
[    0.833007] ehci_hcd: USB 2.0 'Enhanced' Host Controller (EHCI) Driver
[    0.833013] ehci-pci: EHCI PCI platform driver
[    0.833037] ohci_hcd: USB 1.1 'Open' Host Controller (OHCI) Driver
[    0.833047] ohci-pci: OHCI PCI platform driver
[    0.833068] uhci_hcd: USB Universal Host Controller Interface driver
[    0.833655] xhci_hcd 0000:00:14.0: xHCI Host Controller
[    0.834112] xhci_hcd 0000:00:14.0: new USB bus registered, assigned bus number 1
[    0.835673] xhci_hcd 0000:00:14.0: cache line size of 64 is not supported
[    0.835713] xhci_hcd 0000:00:14.0: irq 312 for MSI/MSI-X
[    0.835838] usb usb1: New USB device found, idVendor=1d6b, idProduct=0002, bcdDevice= 3.18
[    0.835843] usb usb1: New USB device strings: Mfr=3, Product=2, SerialNumber=1
[    0.835846] usb usb1: Product: xHCI Host Controller
[    0.835850] usb usb1: Manufacturer: Linux 3.18.0-19679-gd1d0bbedf35d xhci-hcd
[    0.835853] usb usb1: SerialNumber: 0000:00:14.0
[    0.836461] hub 1-0:1.0: USB hub found
[    0.836488] hub 1-0:1.0: 7 ports detected
[    0.837772] xhci_hcd 0000:00:14.0: xHCI Host Controller
[    0.837981] xhci_hcd 0000:00:14.0: new USB bus registered, assigned bus number 2
[    0.838070] usb usb2: New USB device found, idVendor=1d6b, idProduct=0003, bcdDevice= 3.18
[    0.838075] usb usb2: New USB device strings: Mfr=3, Product=2, SerialNumber=1
[    0.838078] usb usb2: Product: xHCI Host Controller
[    0.838082] usb usb2: Manufacturer: Linux 3.18.0-19679-gd1d0bbedf35d xhci-hcd
[    0.838085] usb usb2: SerialNumber: 0000:00:14.0
[    0.838478] hub 2-0:1.0: USB hub found
[    0.838500] hub 2-0:1.0: 6 ports detected
[    0.839769] usbcore: registered new interface driver cdc_acm
[    0.839773] cdc_acm: USB Abstract Control Model driver for USB modems and ISDN adapters
[    0.839813] usbcore: registered new interface driver usb-storage
[    0.839836] usbcore: registered new interface driver ums-realtek
[    0.839892] usbcore: registered new interface driver usbserial
[    0.839935] usbcore: registered new interface driver usbserial_generic
[    0.839953] usbserial: USB Serial support registered for generic
[    0.840014] i8042: PNP: PS/2 Controller [PNP0303:PS2K] at 0x60,0x64 irq 182
[    0.840018] i8042: PNP: PS/2 appears to have AUX port disabled, if this is incorrect please boot with i8042.nopnp
[    0.844287] i8042: Warning: Keylock active
[    0.844460] serio: i8042 KBD port at 0x60,0x64 irq 182
[    0.845484] acpi ELAN0000:00: GPIO: looking up 0 in _CRS
[    0.846829] rtc_cmos 00:03: RTC can wake from S4
[    0.847136] rtc_cmos 00:03: rtc core: registered rtc_cmos as rtc0
[    0.847178] rtc_cmos 00:03: alarms up to one month, 242 bytes nvram, hpet irqs
[    0.847196] i2c /dev entries driver
[    0.852846] proc_thermal 0000:00:0b.0: can't derive routing for PCI INT A
[    0.852852] proc_thermal 0000:00:0b.0: PCI INT A: no GSI
[    0.853764] proc_thermal 0000:00:0b.0: No auxiliary DTSs enabled
[    0.853788] iTCO_wdt: Intel TCO WatchDog Timer Driver v1.11
[    0.853852] iTCO_wdt: Found a Braswell SoC TCO device (Version=3, TCOBASE=0x0460)
[    0.854532] input: AT Translated Set 2 keyboard as /devices/platform/i8042/serio0/input/input3
[    0.854772] iTCO_wdt: initialized. heartbeat=30 sec (nowayout=0)
[    0.854789] iTCO_vendor_support: vendor-support=0
[    0.855312] device-mapper: ioctl: 4.28.0-ioctl (2014-09-17) initialised: dm-devel@redhat.com
[    0.856601] device-mapper: verity-chromeos: dm-verity-chromeos registered
[    0.856629] Intel P-state driver initializing.
[    0.857201] sdhci: Secure Digital Host Controller Interface driver
[    0.857216] sdhci: Copyright(c) Pierre Ossman
[    0.864811] sdhci-acpi 80860F14:00: No vmmc regulator found
[    0.864843] sdhci-acpi 80860F14:00: No vqmmc regulator found
[    0.868483] mmc0: SDHCI controller on ACPI [80860F14:00] using ADMA
[    0.868515] sdhci_acpi_probe: Enabling QoS on Baytrail eMMC slot
[    0.868828] sdhci-acpi INT33BB:01: GPIO lookup for consumer INT33BB:01 cd
[    0.868838] sdhci-acpi INT33BB:01: using ACPI for GPIO lookup
[    0.868848] acpi INT33BB:01: GPIO: looking up INT33BB:01 cd-gpios
[    0.868858] acpi INT33BB:01: GPIO: looking up INT33BB:01 cd-gpio
[    0.868867] acpi INT33BB:01: GPIO: looking up 0 in _CRS
[    0.869116] sdhci-acpi INT33BB:01: No vmmc regulator found
[    0.869125] sdhci-acpi INT33BB:01: No vqmmc regulator found
[    0.870164] [drm] GMBUS [i915 gmbus dpb] timed out, falling back to bit banging on pin 5
[    0.873590] mmc1: SDHCI controller on ACPI [INT33BB:01] using ADMA
[    0.873600] sdhci_acpi_probe: Enabling QoS on Baytrail eMMC slot
[    0.874233] gsmi version 1.0 loaded
[    0.874339] platform vpd: Driver vpd requests probe deferral
[    0.874383] hidraw: raw HID events driver (C) Jiri Kosina
[    0.874579] usbcore: registered new interface driver usbhid
[    0.874582] usbhid: USB HID core driver
[    0.876597] ashmem: initialized
[    0.876832] chromeos ramoops using acpi device.
[    0.880270] console [pstore-1] enabled
[    0.880278] pstore: Registered ramoops as persistent store backend
[    0.880289] ramoops: attached 0x100000@0x7cc1c000, ecc: 0/0
[    0.880416] intel_rapl: Found RAPL domain package
[    0.880426] intel_rapl: Found RAPL domain core
[    0.880930] GACT probability NOT on
[    0.880942] Netfilter messages via NETLINK v0.30.
[    0.880985] nf_conntrack version 0.5.0 (16384 buckets, 65536 max)
[    0.881161] ctnetlink v0.93: registering with nfnetlink.
[    0.881507] ip_tables: (C) 2000-2006 Netfilter Core Team
[    0.881577] TCP: cubic registered
[    0.881586] Initializing XFRM netlink socket
[    0.881824] NET: Registered protocol family 10
[    0.883575] ip6_tables: (C) 2000-2006 Netfilter Core Team
[    0.883709] NET: Registered protocol family 17
[    0.883742] NET: Registered protocol family 15
[    0.884561] microcode: CPU0 sig=0x406c4, pf=0x1, revision=0x411
[    0.884587] microcode: CPU1 sig=0x406c4, pf=0x1, revision=0x411
[    0.884656] microcode: Microcode Update Driver: v2.01 <tigran@aivazian.fsnet.co.uk>, Peter Oruba
[    0.885232] registered taskstats version 1
[    0.886371] Key type encrypted registered
[    0.942467]   Magic number: 3:599:541
[    0.942493] platform vpd: Driver vpd requests probe deferral
[    0.942879] ALSA device list:
[    0.942928]   No soundcards found.
[    0.942985] Warning: unable to open an initial console.
[    0.947091] mmc0: BKOPS_EN bit is not set
[    0.953565] mmc0: new HS200 MMC card at address 0001
[    0.953811] mmcblk0: mmc0:0001 HBG4a2 29.1 GiB 
[    0.953876] mmcblk0boot0: mmc0:0001 HBG4a2 partition 1 4.00 MiB
[    0.954002] mmcblk0boot1: mmc0:0001 HBG4a2 partition 2 4.00 MiB
[    0.954112] mmcblk0rpmb: mmc0:0001 HBG4a2 partition 3 4.00 MiB
[    0.956088]  mmcblk0: p1 p2 p3 p4 p5 p6 p7 p8 p9 p10 p11 p12
[    0.957649] platform vpd: Driver vpd requests probe deferral
[    0.963155] input: Elan Touchpad as /devices/platform/808622C1:05/i2c-1/i2c-ELAN0000:00/input/input4
[    0.963304] platform vpd: Driver vpd requests probe deferral
[    0.963325] device-mapper: init: attempting early device configuration.
[    0.963594] device-mapper: init: adding target '0 3686400 verity payload=PARTUUID=7de0c0f8-b983-8f4a-8c58-ee7b6626c0ce/PARTNROFF=1 hashtree=PARTUUID=7de0c0f8-b983-8f4a-8c58-ee7b6626c0ce/PARTNROFF=1 hashstart=3686400 alg=sha1 root_hexdigest=b2969e14dff9817910af4d8edabc2c0c66f49e79 salt=f02758353c90c3bbe0a5951e8323037c23ad154d04dbc8c850fb3f0bc4e7bde1'
[    0.963638] device-mapper: verity: Argument 0: 'payload=PARTUUID=7de0c0f8-b983-8f4a-8c58-ee7b6626c0ce/PARTNROFF=1'
[    0.963674] device-mapper: verity: Argument 1: 'hashtree=PARTUUID=7de0c0f8-b983-8f4a-8c58-ee7b6626c0ce/PARTNROFF=1'
[    0.963689] device-mapper: verity: Argument 2: 'hashstart=3686400'
[    0.963700] device-mapper: verity: Argument 3: 'alg=sha1'
[    0.963709] device-mapper: verity: Argument 4: 'root_hexdigest=b2969e14dff9817910af4d8edabc2c0c66f49e79'
[    0.963723] device-mapper: verity: Argument 5: 'salt=f02758353c90c3bbe0a5951e8323037c23ad154d04dbc8c850fb3f0bc4e7bde1'
[    0.967442] device-mapper: init: dm-0 is ready
[    0.969925] EXT4-fs (dm-0): couldn't mount as ext3 due to feature incompatibilities
[    0.970183] EXT4-fs (dm-0): mounting ext2 file system using the ext4 subsystem
[    0.971015] EXT4-fs (dm-0): mounted filesystem without journal. Opts: (null)
[    0.971046] VFS: Mounted root (ext2 filesystem) readonly on device 253:0.
[    0.972242] random: nonblocking pool is initialized
[    0.976603] devtmpfs: mounted
[    0.977221] Freeing unused kernel memory: 1244K (ffffffff91713000 - ffffffff9184a000)
[    0.977242] Write protecting the kernel read-only data: 12288k
[    0.977599] Freeing unused kernel memory: 100K (ffff8800111e7000 - ffff880011200000)
[    0.978147] Freeing unused kernel memory: 984K (ffff88001150a000 - ffff880011600000)
[    1.079725] audit: type=1404 audit(1567618293.037:2): enforcing=1 old_enforcing=0 auid=4294967295 ses=4294967295
[    1.099629] SELinux: 2048 avtab hash slots, 12509 rules.
[    1.102929] SELinux: 2048 avtab hash slots, 12509 rules.
[    1.103834] SELinux:  1 users, 4 roles, 1007 types, 0 bools, 1 sens, 1024 cats
[    1.103839] SELinux:  99 classes, 12509 rules
[    1.104720] SELinux:  Completing initialization.
[    1.104724] SELinux:  Setting up existing superblocks.
[    1.104733] SELinux: initialized (dev rootfs, type rootfs), uses genfs_contexts
[    1.104743] SELinux: initialized (dev bdev, type bdev), not configured for labeling
[    1.104750] SELinux: initialized (dev proc, type proc), uses genfs_contexts
[    1.104764] SELinux: initialized (dev tmpfs, type tmpfs), uses transition SIDs
[    1.104786] SELinux: initialized (dev devtmpfs, type devtmpfs), uses transition SIDs
[    1.104938] SELinux: initialized (dev debugfs, type debugfs), uses genfs_contexts
[    1.115741] SELinux: initialized (dev sockfs, type sockfs), uses task SIDs
[    1.115753] SELinux: initialized (dev pipefs, type pipefs), uses task SIDs
[    1.115758] SELinux: initialized (dev anon_inodefs, type anon_inodefs), not configured for labeling
[    1.115763] SELinux: initialized (dev securityfs, type securityfs), not configured for labeling
[    1.115777] SELinux: initialized (dev aio, type aio), not configured for labeling
[    1.115783] SELinux: initialized (dev devpts, type devpts), uses transition SIDs
[    1.115798] SELinux: initialized (dev selinuxfs, type selinuxfs), uses genfs_contexts
[    1.115834] SELinux: initialized (dev drm, type drm), not configured for labeling
[    1.115841] SELinux: initialized (dev configfs, type configfs), uses genfs_contexts
[    1.115858] SELinux: initialized (dev dm-0, type ext2), uses xattr
[    1.116045] SELinux: initialized (dev sysfs, type sysfs), uses genfs_contexts
[    1.124480] audit: type=1403 audit(1567618293.082:3): policy loaded auid=4294967295 ses=4294967295
[    1.188967] usb 1-4: new high-speed USB device number 2 using xhci_hcd
[    1.255073] SELinux: initialized (dev tmpfs, type tmpfs), uses transition SIDs
[    1.258755] SELinux: initialized (dev tmpfs, type tmpfs), uses transition SIDs
[    1.264943] tsc: Refined TSC clocksource calibration: 1599.948 MHz
[    1.325186] SELinux: initialized (dev tmpfs, type tmpfs), uses transition SIDs
[    1.353161] Unsafe core_pattern used with suid_dumpable=2. Pipe handler or fully qualified core dump path required.
[    1.363883] usb 1-4: New USB device found, idVendor=04f2, idProduct=b490, bcdDevice=28.70
[    1.363917] usb 1-4: New USB device strings: Mfr=1, Product=2, SerialNumber=0
[    1.363930] usb 1-4: Product: HD WebCam
[    1.363938] usb 1-4: Manufacturer: Chicony Electronics Co.,Ltd.
[    1.365490] platform vpd: Driver vpd requests probe deferral
[    1.413367] udevd[137]: starting version 225
[    1.518509] usb 1-5: new full-speed USB device number 3 using xhci_hcd
[    1.536909] EXT4-fs (mmcblk0p1): recovery complete
[    1.537529] EXT4-fs (mmcblk0p1): mounted filesystem with ordered data mode. Opts: commit=600
[    1.537682] SELinux: initialized (dev mmcblk0p1, type ext4), uses xattr
[    1.543051] EXT4-fs (mmcblk0p8): mounted filesystem with ordered data mode. Opts: (null)
[    1.543076] SELinux: initialized (dev mmcblk0p8, type ext4), uses xattr
[    1.626418] Chromium OS LSM: dev(253,0): read-only
[    1.626433] Chromium OS LSM: module locking engaged.
[    1.626456] Chromium OS LSM: init_module locked obj="/lib/modules/3.18.0-19679-gd1d0bbedf35d/kernel/drivers/input/joydev.ko" pid=162 cmdline="udevd --daemon"
[    1.684127] usb 1-5: New USB device found, idVendor=8087, idProduct=0a2a, bcdDevice= 0.03
[    1.684147] usb 1-5: New USB device strings: Mfr=0, Product=0, SerialNumber=0
[    1.685219] platform vpd: Driver vpd requests probe deferral
[    1.709976] Bluetooth: af_bluetooth.c:bt_init() Core ver 2.22
[    1.710043] NET: Registered protocol family 31
[    1.710052] Bluetooth: af_bluetooth.c:bt_init() HCI device and connection manager initialized
[    1.710072] Bluetooth: hci_le_splitter.c:hci_le_splitter_sysfs_init() Initializing LE splitter sysfs
[    1.711010] Bluetooth: hci_sock.c:hci_sock_init() HCI socket layer initialized
[    1.711030] Bluetooth: l2cap_sock.c:l2cap_init_sockets() L2CAP socket layer initialized
[    1.711076] Bluetooth: sco.c:sco_init() SCO socket layer initialized
[    1.719332] platform vpd: Driver vpd requests probe deferral
[    1.720579] usbcore: registered new interface driver btusb
[    1.720600] platform vpd: Driver vpd requests probe deferral
[    1.875383] frecon[241]: Failed to set atomic cap.
[    1.878498] frecon[241]: Frecon using drm driver i915, version 1.6, date(20150717), desc(Intel Graphics)
[    1.885234] frecon[241]: tsm_screen: new screen
[    1.885269] frecon[241]: tsm_vte: new vte object
[    2.007080] EXT4-fs (dm-1): recovery complete
[    2.011535] EXT4-fs (dm-1): mounted filesystem with ordered data mode. Opts: discard,commit=600
[    2.011613] SELinux: initialized (dev dm-1, type ext4), uses xattr
[    2.264965] Switched to clocksource tsc
[    2.386001] SELinux: initialized (dev tmpfs, type tmpfs), uses transition SIDs
[    2.421651] frecon[241]: Cannot get DBUS connection
[    3.064433] SELinux: initialized (dev tmpfs, type tmpfs), uses transition SIDs
[    3.065401] SELinux: initialized (dev pstore, type pstore), uses genfs_contexts
[    3.099947] SELinux: initialized (dev cgroup, type cgroup), uses genfs_contexts
[    3.110972] audit: type=1305 audit(1567618295.069:4): audit_pid=375 old=0 auid=4294967295 ses=4294967295 subj=u:r:cros_auditd:s0 res=1
[    3.139072] cfg80211: Calling CRDA to update world regulatory domain
[    3.180234] Intel(R) Wireless WiFi driver for Linux
[    3.180250] Copyright(c) 2003- 2015 Intel Corporation
[    3.185082] iwlwifi 0000:02:00.0: irq 313 for MSI/MSI-X
[    3.186093] iwlwifi 0000:02:00.0: Direct firmware load for iwl-dbg-cfg.ini failed with error -2
[    3.186470] platform vpd: Driver vpd requests probe deferral
[    3.203393] SELinux: initialized (dev tmpfs, type tmpfs), uses transition SIDs
[    3.206046] SELinux: initialized (dev tmpfs, type tmpfs), uses transition SIDs
[    3.206332] SELinux: initialized (dev tmpfs, type tmpfs), uses transition SIDs
[    3.215390] cfg80211: World regulatory domain updated:
[    3.215410] cfg80211:  DFS Master region: unset
[    3.215418] cfg80211:   (start_freq - end_freq @ bandwidth), (max_antenna_gain, max_eirp), (dfs_cac_time)
[    3.215434] cfg80211:   (2402000 KHz - 2472000 KHz @ 40000 KHz), (N/A, 2000 mBm), (N/A)
[    3.215448] cfg80211:   (2457000 KHz - 2482000 KHz @ 20000 KHz), (N/A, 2000 mBm), (N/A)
[    3.215461] cfg80211:   (2474000 KHz - 2494000 KHz @ 20000 KHz), (N/A, 2000 mBm), (N/A)
[    3.215473] cfg80211:   (5170000 KHz - 5250000 KHz @ 80000 KHz), (N/A, 2000 mBm), (N/A)
[    3.215486] cfg80211:   (5250000 KHz - 5330000 KHz @ 80000 KHz), (N/A, 2000 mBm), (0 s)
[    3.215499] cfg80211:   (5490000 KHz - 5730000 KHz @ 160000 KHz), (N/A, 2000 mBm), (0 s)
[    3.215511] cfg80211:   (5735000 KHz - 5835000 KHz @ 80000 KHz), (N/A, 2000 mBm), (N/A)
[    3.215524] cfg80211:   (57240000 KHz - 63720000 KHz @ 2160000 KHz), (N/A, 0 mBm), (N/A)
[    3.221662] SELinux: initialized (dev cgroup, type cgroup), uses genfs_contexts
[    3.222131] SELinux: initialized (dev tmpfs, type tmpfs), uses transition SIDs
[    3.233604] iwlwifi 0000:02:00.0: loaded firmware version 29.b82af6fb.0 op_mode iwlmvm
[    3.258281] iwlwifi 0000:02:00.0: Detected Intel(R) Dual Band Wireless AC 7265, REV=0x210
[    3.277626] SELinux: initialized (dev cgroup, type cgroup), uses genfs_contexts
[    3.281720] iwlwifi 0000:02:00.0: base HW address: 90:61:ae:82:4b:46
[    3.285787] systemd-journald[439]: Running without systemd.
[    3.285993] systemd-journald[439]: Cannot query /proc/meminfo for MemTotal: Permission denied
[    3.317602] SELinux: initialized (dev cgroup, type cgroup), uses genfs_contexts
[    3.328613] systemd-journald[439]: Received request to flush runtime journal from PID 470
[    3.342787] ieee80211 phy0: Selected rate control algorithm 'iwl-mvm-rs'
[    3.343332] ieee80211 phy0: LAR device registered
[    3.343479] thermal thermal_zone7: failed to read out thermal zone (-61)
[    3.418158] SELinux: initialized (dev cgroup, type cgroup), uses genfs_contexts
[    3.439740] SELinux: initialized (dev tmpfs, type tmpfs), uses transition SIDs
[    3.440147] SELinux: initialized (dev tmpfs, type tmpfs), uses transition SIDs
[    3.445087] SELinux: initialized (dev tmpfs, type tmpfs), uses transition SIDs
[    3.478084] SELinux: initialized (dev tmpfs, type tmpfs), uses transition SIDs
[    3.484105] SELinux: initialized (dev tmpfs, type tmpfs), uses transition SIDs
[    3.576080] SELinux: initialized (dev loop1, type squashfs), uses xattr
[    3.587123] SELinux: initialized (dev loop2, type squashfs), uses xattr
[    3.590225] SELinux: initialized (dev loop3, type squashfs), uses xattr
[    3.658800] frecon[241]: DBUS connected after 1.2 seconds
[    3.813766] SELinux: initialized (dev tmpfs, type tmpfs), uses transition SIDs
[    4.338646] SysRq : HELP : loglevel(0-9) reboot(b) crash(c) terminate-all-tasks(e) memory-full-oom-kill(f) kill-all-tasks(i) thaw-filesystems(j) show-backtrace-all-active-cpus(l) show-memory-usage(m) nice-all-RT-tasks(n) poweroff(o) show-registers(p) show-all-timers(q) sync(s) show-task-states(t) unmount(u) show-blocked-tasks(w) Cros-dump-and-crash dump-ftrace-buffer(z) 
[    4.347827] SysRq : This sysrq operation is disabled.
[    4.969050] cfg80211: Calling CRDA for country: US
[    4.982502] cfg80211: Regulatory domain changed to country: US
[    4.982520] cfg80211:  DFS Master region: unset
[    4.982529] cfg80211:   (start_freq - end_freq @ bandwidth), (max_antenna_gain, max_eirp), (dfs_cac_time)
[    4.982545] cfg80211:   (2402000 KHz - 2472000 KHz @ 40000 KHz), (N/A, 3000 mBm), (N/A)
[    4.982557] cfg80211:   (5170000 KHz - 5250000 KHz @ 80000 KHz), (N/A, 1700 mBm), (N/A)
[    4.982570] cfg80211:   (5250000 KHz - 5330000 KHz @ 80000 KHz), (N/A, 2300 mBm), (0 s)
[    4.982583] cfg80211:   (5490000 KHz - 5730000 KHz @ 160000 KHz), (N/A, 2300 mBm), (0 s)
[    4.982595] cfg80211:   (5735000 KHz - 5835000 KHz @ 80000 KHz), (N/A, 3000 mBm), (N/A)
[    4.982608] cfg80211:   (57240000 KHz - 63720000 KHz @ 2160000 KHz), (N/A, 4000 mBm), (N/A)
[    5.332260] IPv6: ADDRCONF(NETDEV_UP): wlan0: link is not ready
[    5.450408] SELinux: initialized (dev tmpfs, type tmpfs), uses transition SIDs
[    5.450663] SELinux: initialized (dev tmpfs, type tmpfs), uses transition SIDs
[    5.459075] SELinux: initialized (dev tmpfs, type tmpfs), uses transition SIDs
[    5.669559] SELinux: initialized (dev proc, type proc), uses genfs_contexts
[    6.082417] SELinux: initialized (dev proc, type proc), uses genfs_contexts
[    6.090438] SELinux: initialized (dev proc, type proc), uses genfs_contexts
[    6.839482] SELinux: initialized (dev proc, type proc), uses genfs_contexts
[    6.964078] SELinux: initialized (dev proc, type proc), uses genfs_contexts
[    6.968955] SELinux: initialized (dev proc, type proc), uses genfs_contexts
[    7.068546] SELinux: initialized (dev proc, type proc), uses genfs_contexts
[    7.072498] SELinux: initialized (dev tmpfs, type tmpfs), uses transition SIDs
[    7.288220] frecon[241]: Chrome started, our work is done, exiting.
[    7.375960] SELinux: initialized (dev proc, type proc), uses genfs_contexts
[    7.422079] init: failsafe-delay main process (552) killed by TERM signal
[    7.432550] low_mem: threshold[0] 202 MB
[    7.464051] SELinux: initialized (dev tmpfs, type tmpfs), uses transition SIDs
[    7.473602] fuse init (API version 7.23)
[    7.474558] SELinux: initialized (dev tmpfs, type tmpfs), uses transition SIDs
[    7.475096] SELinux: initialized (dev tmpfs, type tmpfs), uses transition SIDs
[    7.477449] SELinux: initialized (dev proc, type proc), uses genfs_contexts
[    7.496016] SELinux: initialized (dev tmpfs, type tmpfs), uses transition SIDs
[    7.574198] SELinux: initialized (dev tmpfs, type tmpfs), uses transition SIDs
[    7.582027] SELinux: initialized (dev tmpfs, type tmpfs), uses transition SIDs
[    7.742411] SELinux: initialized (dev tmpfs, type tmpfs), uses transition SIDs
[    7.743908] SELinux: initialized (dev tmpfs, type tmpfs), uses transition SIDs
[    7.794987] SELinux: initialized (dev tmpfs, type tmpfs), uses transition SIDs
[    7.806417] SELinux: initialized (dev tmpfs, type tmpfs), uses transition SIDs
[    7.867156] SELinux: initialized (dev tmpfs, type tmpfs), uses transition SIDs
[    7.958931] zram: Added device: zram0
[    8.016265] zram0: detected capacity change from 0 to 5982117888
[    8.091368] Adding 5841908k swap on /dev/zram0.  Priority:-1 extents:1 across:5841908k SS
[    8.172972] acpi 10EC5650:00: GPIO: looking up 0 in _CRS
[    8.173069] rt5645 i2c-10EC5650:00: GPIO lookup for consumer hp-detect
[    8.173073] rt5645 i2c-10EC5650:00: using ACPI for GPIO lookup
[    8.173078] acpi 10EC5650:00: GPIO: looking up hp-detect-gpios
[    8.173082] acpi 10EC5650:00: GPIO: looking up hp-detect-gpio
[    8.173085] acpi 10EC5650:00: GPIO: looking up 0 in _CRS
[    8.203681] bridge: automatic filtering via arp/ip/ip6tables has been deprecated. Update your scripts to load br_netfilter if you need this.
[    8.211997] platform vpd: Driver vpd requests probe deferral
[    8.213930] intel_sst_acpi 808622A8:00: LPE base: 0xd1000000 size:0x200000
[    8.213949] intel_sst_acpi 808622A8:00: IRAM base: 0xd10c0000
[    8.213999] intel_sst_acpi 808622A8:00: DRAM base: 0xd1100000
[    8.214014] intel_sst_acpi 808622A8:00: SHIM base: 0xd1140000
[    8.214029] intel_sst_acpi 808622A8:00: Mailbox base: 0xd1144000
[    8.214044] intel_sst_acpi 808622A8:00: DDR base: 0x20000000
[    8.229487] intel_sst_acpi 808622A8:00: Got drv data max stream 25
[    8.248702] platform vpd: Driver vpd requests probe deferral
[    8.265819] platform vpd: Driver vpd requests probe deferral
[    8.291070] snd_hda_intel 0000:00:1b.0: bound 0000:00:02.0 (ops 0xffffffff9129a650)
[    8.294078] platform vpd: Driver vpd requests probe deferral
[    8.357954] snd_hda_intel 0000:00:1b.0: irq 314 for MSI/MSI-X
[    8.446229] platform vpd: Driver vpd requests probe deferral
[    8.451406] input: HDA Intel PCH HDMI/DP,pcm=3 as /devices/pci0000:00/0000:00:1b.0/sound/card0/input5
[    8.451683] input: HDA Intel PCH HDMI/DP,pcm=7 as /devices/pci0000:00/0000:00:1b.0/sound/card0/input6
[    8.452183] input: HDA Intel PCH HDMI/DP,pcm=8 as /devices/pci0000:00/0000:00:1b.0/sound/card0/input7
[    8.579139] uvcvideo: Found UVC 1.00 device HD WebCam (04f2:b490)
[    8.579226] platform vpd: Driver vpd requests probe deferral
[    8.589821] usbcore: registered new interface driver uvcvideo
[    8.589839] USB Video Class driver (1.1.1)
[    8.589995] platform vpd: Driver vpd requests probe deferral
[    8.712237] cht-bsw-rt5645 cht-bsw-rt5645: snd-soc-dummy-dai <-> media-cpu-dai mapping ok
[    8.712305] compress asoc: snd-soc-dummy-dai <-> compress-cpu-dai mapping ok
[    8.715776] cht-bsw-rt5645 cht-bsw-rt5645: rt5645-aif1 <-> ssp2-port mapping ok
[    8.789934] input: chtrt5650 Headset Jack as /devices/platform/808622A8:00/cht-bsw-rt5645/sound/card1/input8
[    8.792343] platform vpd: Driver vpd requests probe deferral
[    9.055094] usbcore: deregistering interface driver btusb
[    9.174970] platform vpd: Driver vpd requests probe deferral
[    9.190719] le_splitter HCI splitter inited
[    9.208683] usbcore: registered new interface driver btusb
[    9.211969] platform vpd: Driver vpd requests probe deferral
[    9.244558] Bluetooth: btusb.c:btusb_setup_intel() hci0: read Intel version: 370810225019140f00
[    9.309122] Bluetooth: btusb.c:btusb_setup_intel_get_fw() hci0: Intel Bluetooth firmware file: intel/ibt-hw-37.8.10-fw-22.50.19.14.f.bseq
[    9.652858] SELinux: initialized (dev proc, type proc), uses genfs_contexts
[    9.961856] SELinux: initialized (dev tmpfs, type tmpfs), uses transition SIDs
[    9.985265] SELinux: initialized (dev tmpfs, type tmpfs), uses transition SIDs
[   10.016051] SELinux: initialized (dev proc, type proc), uses genfs_contexts
[   10.059924] SELinux: initialized (dev proc, type proc), uses genfs_contexts
[   10.068472] SELinux: initialized (dev proc, type proc), uses genfs_contexts
[   10.071276] SELinux: initialized (dev tmpfs, type tmpfs), uses transition SIDs
[   10.072308] SELinux: initialized (dev tmpfs, type tmpfs), uses transition SIDs
[   10.078383] SELinux: initialized (dev proc, type proc), uses genfs_contexts
[   10.107593] SELinux: initialized (dev tmpfs, type tmpfs), uses transition SIDs
[   10.118573] Bluetooth: btusb.c:btusb_setup_intel() hci0: Intel Bluetooth firmware patch completed and activated
[   10.132925] SELinux: initialized (dev tmpfs, type tmpfs), uses transition SIDs
[   10.309871] SELinux: initialized (dev tmpfs, type tmpfs), uses transition SIDs
[   10.310509] SELinux: initialized (dev tmpfs, type tmpfs), uses transition SIDs
[   10.310681] SELinux: initialized (dev tmpfs, type tmpfs), uses transition SIDs
[   10.316708] SELinux: initialized (dev proc, type proc), uses genfs_contexts
[   10.323382] SELinux: initialized (dev tmpfs, type tmpfs), uses transition SIDs
[   10.324379] SELinux: initialized (dev tmpfs, type tmpfs), uses transition SIDs
[   10.324669] SELinux: initialized (dev tmpfs, type tmpfs), uses transition SIDs
[   10.325270] SELinux: initialized (dev tmpfs, type tmpfs), uses transition SIDs
[   10.342892] SELinux: initialized (dev tmpfs, type tmpfs), uses transition SIDs
[   10.413973] SELinux: initialized (dev tmpfs, type tmpfs), uses transition SIDs
[   10.414580] SELinux: initialized (dev tmpfs, type tmpfs), uses transition SIDs
[   10.414744] SELinux: initialized (dev tmpfs, type tmpfs), uses transition SIDs
[   10.444917] SELinux: initialized (dev tmpfs, type tmpfs), uses transition SIDs
[   10.580562] Bluetooth: sock.c:rfcomm_init_sockets() RFCOMM socket layer initialized
[   10.580684] Bluetooth: core.c:rfcomm_init() RFCOMM ver 1.11
[   10.586987] SELinux: initialized (dev tmpfs, type tmpfs), uses transition SIDs
[   10.587691] SELinux: initialized (dev tmpfs, type tmpfs), uses transition SIDs
[   10.587989] SELinux: initialized (dev tmpfs, type tmpfs), uses transition SIDs
[   10.609893] SELinux: initialized (dev tmpfs, type tmpfs), uses transition SIDs
[   12.176554] le_splitter HCI splitter unregistered
[   12.349251] SELinux: initialized (dev loop4, type squashfs), uses xattr
[   12.389006] SELinux: initialized (dev loop5, type squashfs), uses xattr
[   12.412960] SELinux: initialized (dev loop6, type squashfs), uses xattr
[   12.538129] SELinux: initialized (dev proc, type proc), uses genfs_contexts
[   16.472099] SELinux: initialized (dev tmpfs, type tmpfs), uses transition SIDs
[   16.498246] SELinux: initialized (dev tmpfs, type tmpfs), uses transition SIDs
[   16.726167] SELinux: initialized (dev tmpfs, type tmpfs), uses transition SIDs
[   16.741191] SELinux: initialized (dev tmpfs, type tmpfs), uses transition SIDs
[   16.758566] SELinux: initialized (dev tmpfs, type tmpfs), uses transition SIDs
[   16.774648] SELinux: initialized (dev tmpfs, type tmpfs), uses transition SIDs
[   17.664541] SELinux: initialized (dev loop4, type squashfs), uses xattr
[   17.666833] SELinux: initialized (dev tmpfs, type tmpfs), uses transition SIDs
[   17.672594] SELinux: initialized (dev proc, type proc), uses genfs_contexts
[   17.681938] SELinux: initialized (dev devpts, type devpts), uses transition SIDs
[   17.682790] SELinux: initialized (dev tmpfs, type tmpfs), uses transition SIDs
[   17.683182] SELinux: initialized (dev tmpfs, type tmpfs), uses transition SIDs
[   17.684798] SELinux: initialized (dev tmpfs, type tmpfs), uses transition SIDs
[   17.684965] SELinux: initialized (dev sysfs, type sysfs), uses genfs_contexts
[   17.685145] SELinux: initialized (dev tmpfs, type tmpfs), uses transition SIDs
[   17.712353] SELinux: initialized (dev binfmt_misc, type binfmt_misc), uses genfs_contexts
[   17.744634] writing to lpe: 00000000: 01 01 01 01 00 00 08 00 ff ff ff ff 55 00 00 00  ............U...
[   17.759050] sst-mfld-platform sst-mfld-platform: Enter: enable=1 port_name=ssp2-port
[   17.759075] writing to lpe: 00000000: 01 01 01 01 00 00 1a 00 ff ff ff ff 75 00 12 00  ............u...
[   17.759078] writing to lpe: 00000010: 03 00 03 00 18 09 0f ff 0f ff 03 00 01 01 01 00  ................
[   17.759081] writing to lpe: 00000020: 00 00                                            ..
[   17.810905] SELinux: initialized (dev tmpfs, type tmpfs), uses transition SIDs
[   17.858057] SELinux: initialized (dev tmpfs, type tmpfs), uses transition SIDs
[   18.000420] intel_sst_acpi 808622A8:00: Alloc for str 1 pipe 0x90
[   18.001263] writing to lpe: 00000000: 01 02 01 01 00 00 1e 00 ff ff ff ff 82 00 16 00  ................
[   18.001270] writing to lpe: 00000010: 82 00 12 00 03 00 01 02 04 08 10 20 40 80 01 02  ........... @...
[   18.001273] writing to lpe: 00000020: 04 08 10 20 40 80                                ... @.
[   18.002030] writing to lpe: 00000000: 01 02 01 01 00 00 14 00 ff ff ff ff 21 00 0c 00  ............!...
[   18.002036] writing to lpe: 00000010: 01 00 00 02 67 00 00 00 00 00 32 00              ....g.....2.
[   18.002248] writing to lpe: 00000000: 01 01 01 01 00 00 14 00 ff ff ff ff 72 00 0c 00  ............r...
[   18.002252] writing to lpe: 00000010: ff 02 ff ff 03 00 01 00 ff 8d ff ff              ............
[   18.002795] writing to lpe: 00000000: 01 01 01 03 00 00 14 00 ff ff ff ff 72 00 0c 00  ............r...
[   18.002801] writing to lpe: 00000010: ff 12 ff ff 03 00 01 00 ff 90 ff ff              ............
[   18.003030] writing to lpe: 00000000: 01 01 01 03 00 00 0a 00 ff 12 ff ff 77 00 02 00  ............w...
[   18.003034] writing to lpe: 00000010: 01 00                                            ..
[   18.003638] writing to lpe: 00000000: 01 01 01 01 00 00 0a 00 ff 8d ff ff 77 00 02 00  ............w...
[   18.003643] writing to lpe: 00000010: 01 00                                            ..
[   18.004023] writing to lpe: 00000000: 01 02 01 01 00 00 14 00 ff ff ff ff 21 00 0c 00  ............!...
[   18.004028] writing to lpe: 00000010: 01 00 00 8d 67 00 00 00 00 00 32 00              ....g.....2.
[   18.005318] writing to lpe: 00000000: 01 02 01 03 00 00 14 00 ff ff ff ff 21 00 0c 00  ............!...
[   18.005328] writing to lpe: 00000010: 01 00 00 90 67 00 00 00 00 00 32 00              ....g.....2.
[   21.790815] capability: warning: `main' uses 32-bit capabilities (legacy support in use)
[   22.648916] SELinux: initialized (dev tmpfs, type tmpfs), uses transition SIDs
[   22.659046] SELinux: initialized (dev tmpfs, type tmpfs), uses transition SIDs
[   22.759377] SELinux: initialized (dev proc, type proc), uses genfs_contexts
[   23.071333] SELinux: initialized (dev tmpfs, type tmpfs), uses transition SIDs
[   23.072098] SELinux: initialized (dev tmpfs, type tmpfs), uses transition SIDs
[   23.072869] SELinux: initialized (dev tmpfs, type tmpfs), uses transition SIDs
[   23.083480] SELinux: initialized (dev tmpfs, type tmpfs), uses transition SIDs
[   37.660705] sst-mfld-platform sst-mfld-platform: Enter: enable=0 port_name=ssp2-port
[   37.660776] writing to lpe: 00000000: 01 01 01 01 00 00 1a 00 ff ff ff ff 75 00 12 00  ............u...
[   37.660782] writing to lpe: 00000010: 03 00 00 00 18 09 0f ff 0f ff 03 00 01 01 01 00  ................
[   37.660787] writing to lpe: 00000020: 00 00                                            ..
[   37.683087] writing to lpe: 00000000: 01 01 01 01 00 00 08 00 ff ff ff ff 0e 00 00 00  ................
[   37.683605] writing to lpe: 00000000: 01 02 01 03 00 00 14 00 ff ff ff ff 21 00 0c 00  ............!...
[   37.683613] writing to lpe: 00000010: 01 00 00 90 67 00 60 fa 60 fa 32 00              ....g.`.`.2.
[   37.684355] intel_sst_acpi 808622A8:00: Free for str 1 pipe 0x90
[   37.808313] writing to lpe: 00000000: 01 01 01 01 00 00 0a 00 ff 8d ff ff 77 00 02 00  ............w...
[   37.808326] writing to lpe: 00000010: 00 00                                            ..
[   37.808620] writing to lpe: 00000000: 01 01 01 03 00 00 0a 00 ff 12 ff ff 77 00 02 00  ............w...
[   37.808626] writing to lpe: 00000010: 00 00                                            ..
[   37.809349] writing to lpe: 00000000: 01 01 01 01 00 00 14 00 ff ff ff ff 72 00 0c 00  ............r...
[   37.809355] writing to lpe: 00000010: ff 02 ff ff 00 00 01 00 ff 8d ff ff              ............
[   37.809482] writing to lpe: 00000000: 01 01 01 03 00 00 14 00 ff ff ff ff 72 00 0c 00  ............r...
[   37.809487] writing to lpe: 00000010: ff 12 ff ff 00 00 01 00 ff 90 ff ff              ............
[   41.483769] SELinux: initialized (dev fuse, type fuse), uses genfs_contexts
[   41.815602] SELinux: initialized (dev tmpfs, type tmpfs), uses transition SIDs
[   41.816057] SELinux: initialized (dev tmpfs, type tmpfs), uses transition SIDs
[   41.816413] SELinux: initialized (dev tmpfs, type tmpfs), uses transition SIDs
[   41.829895] SELinux: initialized (dev tmpfs, type tmpfs), uses transition SIDs
[   42.318367] SELinux: initialized (dev proc, type proc), uses genfs_contexts
[   42.325162] SELinux: initialized (dev proc, type proc), uses genfs_contexts
[   42.710893] SELinux: initialized (dev proc, type proc), uses genfs_contexts
[   42.943067] SELinux: initialized (dev proc, type proc), uses genfs_contexts
[   43.112278] SELinux: initialized (dev proc, type proc), uses genfs_contexts
[   43.298831] EXT4-fs (mmcblk0p1): re-mounted. Opts: 
[   43.469145] SELinux: initialized (dev proc, type proc), uses genfs_contexts
[   43.577299] SELinux: initialized (dev proc, type proc), uses genfs_contexts
[   43.610300] SELinux: initialized (dev proc, type proc), uses genfs_contexts
[   43.818710] SELinux: initialized (dev proc, type proc), uses genfs_contexts
[   43.835897] SELinux: initialized (dev fuse, type fuse), uses genfs_contexts
[   43.836230] SELinux: initialized (dev fuse, type fuse), uses genfs_contexts
[   43.836494] SELinux: initialized (dev fuse, type fuse), uses genfs_contexts
[   43.910427] SELinux: initialized (dev proc, type proc), uses genfs_contexts
[   44.055083] SELinux: initialized (dev proc, type proc), uses genfs_contexts
[   44.096935] IPv6: ADDRCONF(NETDEV_UP): veth_android: link is not ready
[   44.115663] device veth_android entered promiscuous mode
[   44.230311] SELinux: initialized (dev tmpfs, type tmpfs), uses transition SIDs
[   44.234246] SELinux: initialized (dev tmpfs, type tmpfs), uses transition SIDs
[   44.235297] SELinux: initialized (dev tmpfs, type tmpfs), uses transition SIDs
[   44.235951] SELinux: initialized (dev tmpfs, type tmpfs), uses transition SIDs
[   44.240832] SELinux: initialized (dev tmpfs, type tmpfs), uses transition SIDs
[   44.243755] arc0: renamed from peer_android
[   44.246419] SELinux: initialized (dev tmpfs, type tmpfs), uses transition SIDs
[   44.248306] SELinux: initialized (dev tmpfs, type tmpfs), uses transition SIDs
[   44.251423] SELinux: initialized (dev tmpfs, type tmpfs), uses transition SIDs
[   44.252952] SELinux: initialized (dev tmpfs, type tmpfs), uses transition SIDs
[   44.253280] SELinux: initialized (dev tmpfs, type tmpfs), uses transition SIDs
[   44.253466] SELinux: initialized (dev tmpfs, type tmpfs), uses transition SIDs
[   44.255364] SELinux: initialized (dev tmpfs, type tmpfs), uses transition SIDs
[   44.256772] SELinux: initialized (dev tmpfs, type tmpfs), uses transition SIDs
[   44.258830] SELinux: initialized (dev tmpfs, type tmpfs), uses transition SIDs
[   44.259262] SELinux: initialized (dev tmpfs, type tmpfs), uses transition SIDs
[   44.259741] SELinux: initialized (dev tmpfs, type tmpfs), uses transition SIDs
[   44.262073] SELinux: initialized (dev tmpfs, type tmpfs), uses transition SIDs
[   44.263395] SELinux: initialized (dev fuse, type fuse), uses genfs_contexts
[   44.264238] SELinux: initialized (dev tmpfs, type tmpfs), uses transition SIDs
[   44.265635] SELinux: initialized (dev fuse, type fuse), uses genfs_contexts
[   44.267982] IPv6: ADDRCONF(NETDEV_CHANGE): veth_android: link becomes ready
[   44.268064] arcbr0: port 1(veth_android) entered forwarding state
[   44.268099] arcbr0: port 1(veth_android) entered forwarding state
[   44.268739] SELinux: initialized (dev tmpfs, type tmpfs), uses transition SIDs
[   44.272932] SELinux: initialized (dev tmpfs, type tmpfs), uses transition SIDs
[   44.274439] SELinux: initialized (dev fuse, type fuse), uses genfs_contexts
[   44.275811] SELinux: initialized (dev fuse, type fuse), uses genfs_contexts
[   44.282863] SELinux: initialized (dev tmpfs, type tmpfs), uses transition SIDs
[   44.284980] SELinux: initialized (dev tmpfs, type tmpfs), uses transition SIDs
[   44.286196] SELinux: initialized (dev fuse, type fuse), uses genfs_contexts
[   44.286773] SELinux: initialized (dev tmpfs, type tmpfs), uses transition SIDs
[   44.287980] SELinux: initialized (dev fuse, type fuse), uses genfs_contexts
[   44.288583] SELinux: initialized (dev tmpfs, type tmpfs), uses transition SIDs
[   44.289787] SELinux: initialized (dev fuse, type fuse), uses genfs_contexts
[   44.293880] SELinux: initialized (dev fuse, type fuse), uses genfs_contexts
[   44.752756] SELinux: initialized (dev proc, type proc), uses genfs_contexts
[   45.106492] SELinux: initialized (dev proc, type proc), uses genfs_contexts
[   45.316162] SELinux: initialized (dev proc, type proc), uses genfs_contexts
[   45.400695] SELinux: initialized (dev proc, type proc), uses genfs_contexts
[   45.513537] SELinux: initialized (dev proc, type proc), uses genfs_contexts
[   46.955574] SELinux: initialized (dev proc, type proc), uses genfs_contexts
[   47.168506] SELinux: initialized (dev proc, type proc), uses genfs_contexts
[   47.686817] writing to lpe: 00000000: 01 01 01 01 00 00 08 00 ff ff ff ff 55 00 00 00  ............U...
[   47.699134] sst-mfld-platform sst-mfld-platform: Enter: enable=1 port_name=ssp2-port
[   47.699158] writing to lpe: 00000000: 01 01 01 01 00 00 1a 00 ff ff ff ff 75 00 12 00  ............u...
[   47.699161] writing to lpe: 00000010: 03 00 03 00 18 09 0f ff 0f ff 03 00 01 01 01 00  ................
[   47.699164] writing to lpe: 00000020: 00 00                                            ..
[   47.938456] intel_sst_acpi 808622A8:00: Alloc for str 1 pipe 0x90
[   47.939301] writing to lpe: 00000000: 01 02 01 01 00 00 1e 00 ff ff ff ff 82 00 16 00  ................
[   47.939308] writing to lpe: 00000010: 82 00 12 00 03 00 01 02 04 08 10 20 40 80 01 02  ........... @...
[   47.939311] writing to lpe: 00000020: 04 08 10 20 40 80                                ... @.
[   47.939560] writing to lpe: 00000000: 01 02 01 01 00 00 14 00 ff ff ff ff 21 00 0c 00  ............!...
[   47.939565] writing to lpe: 00000010: 01 00 00 02 67 00 00 00 00 00 32 00              ....g.....2.
[   47.939752] writing to lpe: 00000000: 01 01 01 01 00 00 14 00 ff ff ff ff 72 00 0c 00  ............r...
[   47.939759] writing to lpe: 00000010: ff 02 ff ff 03 00 01 00 ff 8d ff ff              ............
[   47.939912] writing to lpe: 00000000: 01 01 01 03 00 00 14 00 ff ff ff ff 72 00 0c 00  ............r...
[   47.939917] writing to lpe: 00000010: ff 12 ff ff 03 00 01 00 ff 90 ff ff              ............
[   47.940219] writing to lpe: 00000000: 01 01 01 03 00 00 0a 00 ff 12 ff ff 77 00 02 00  ............w...
[   47.940229] writing to lpe: 00000010: 01 00                                            ..
[   47.940558] writing to lpe: 00000000: 01 01 01 01 00 00 0a 00 ff 8d ff ff 77 00 02 00  ............w...
[   47.940563] writing to lpe: 00000010: 01 00                                            ..
[   47.943014] writing to lpe: 00000000: 01 02 01 01 00 00 14 00 ff ff ff ff 21 00 0c 00  ............!...
[   47.943019] writing to lpe: 00000010: 01 00 00 8d 67 00 00 00 00 00 32 00              ....g.....2.
[   47.943303] writing to lpe: 00000000: 01 02 01 03 00 00 14 00 ff ff ff ff 21 00 0c 00  ............!...
[   47.943308] writing to lpe: 00000010: 01 00 00 90 67 00 00 00 00 00 32 00              ....g.....2.
[   56.523112] intel_sst_acpi 808622A8:00: Alloc for str 3 pipe 0xe
[   56.523679] writing to lpe: 00000000: 01 02 01 01 00 00 1e 00 ff ff ff ff 82 00 16 00  ................
[   56.523684] writing to lpe: 00000010: 82 00 12 00 03 00 01 02 04 08 10 20 40 80 01 02  ........... @...
[   56.523687] writing to lpe: 00000020: 04 08 10 20 40 80                                ... @.
[   56.523905] writing to lpe: 00000000: 01 02 01 01 00 00 3c 00 00 82 94 00 81 00 00 00  ......<.........
[   56.523909] writing to lpe: 00000010: 00 00 00 00 00 00 00 00 00 00 00 00 00 00 00 00  ................
[   56.523912] writing to lpe: 00000020: 00 00 00 00 00 00 00 00 00 00 00 00 00 00 00 00  ................
[   56.523915] writing to lpe: 00000030: 00 00 00 00 00 00 00 00 00 00 00 00 00 00 00 00  ................
[   56.523918] writing to lpe: 00000040: 00 00 00 00                                      ....
[   56.524328] writing to lpe: 00000000: 01 02 01 01 00 00 14 00 ff ff ff ff 21 00 0c 00  ............!...
[   56.524333] writing to lpe: 00000010: 01 00 00 82 67 00 00 00 00 00 32 00              ....g.....2.
[   56.524506] writing to lpe: 00000000: 01 01 01 01 00 00 14 00 ff ff ff ff 72 00 0c 00  ............r...
[   56.524511] writing to lpe: 00000010: ff 06 ff ff 03 00 01 00 ff 82 ff ff              ............
[   56.524643] writing to lpe: 00000000: 01 01 01 01 00 00 14 00 ff ff ff ff 72 00 0c 00  ............r...
[   56.524648] writing to lpe: 00000010: ff 0e ff ff 03 00 01 00 ff 86 ff ff              ............
[   56.524839] writing to lpe: 00000000: 01 01 01 01 00 00 0e 00 ff 06 ff ff 76 00 06 00  ............v...
[   56.524845] writing to lpe: 00000010: 03 00 ff 69 00 00                                ...i..
[   56.525216] writing to lpe: 00000000: 01 02 01 01 00 00 18 01 00 06 81 00 80 00 00 00  ................
[   56.525221] writing to lpe: 00000010: 00 00 00 00 00 00 00 00 00 00 00 00 00 00 00 00  ................
[   56.525224] writing to lpe: 00000020: 00 00 00 00 00 00 00 00 00 00 00 00 00 00 00 00  ................
[   56.525230] writing to lpe: 00000030: 00 00 00 00 00 00 00 00 00 00 00 00 00 00 00 00  ................
[   56.525233] writing to lpe: 00000040: 00 00 00 00 00 00 00 00 00 00 00 00 00 00 00 00  ................
[   56.525236] writing to lpe: 00000050: 00 00 00 00 00 00 00 00 00 00 00 00 00 00 00 00  ................
[   56.525238] writing to lpe: 00000060: 00 00 00 00 00 00 00 00 00 00 00 00 00 00 00 00  ................
[   56.525241] writing to lpe: 00000070: 00 00 00 00 00 00 00 00 00 00 00 00 00 00 00 00  ................
[   56.525244] writing to lpe: 00000080: 00 00 00 00 00 00 00 00 00 00 00 00 00 00 00 00  ................
[   56.525247] writing to lpe: 00000090: 00 00 00 00 00 00 00 00 00 00 00 00 00 00 00 00  ................
[   56.525250] writing to lpe: 000000a0: 00 00 00 00 00 00 00 00 00 00 00 00 00 00 00 00  ................
[   56.525253] writing to lpe: 000000b0: 00 00 00 00 00 00 00 00 00 00 00 00 00 00 00 00  ................
[   56.525256] writing to lpe: 000000c0: 00 00 00 00 00 00 00 00 00 00 00 00 00 00 00 00  ................
[   56.525259] writing to lpe: 000000d0: 00 00 00 00 00 00 00 00 00 00 00 00 00 00 00 00  ................
[   56.525262] writing to lpe: 000000e0: 00 00 00 00 00 00 00 00 00 00 00 00 00 00 00 00  ................
[   56.525264] writing to lpe: 000000f0: 00 00 00 00 00 00 00 00 00 00 00 00 00 00 00 00  ................
[   56.525267] writing to lpe: 00000100: 00 00 00 00 00 00 00 00 00 00 00 00 00 00 00 00  ................
[   56.525270] writing to lpe: 00000110: 00 00 00 00 00 00 00 00 00 00 00 00 00 00 00 00  ................
[   56.526540] writing to lpe: 00000000: 01 02 01 01 00 00 34 01 00 06 82 00 81 00 00 00  ......4.........
[   56.526545] writing to lpe: 00000010: 00 00 00 00 00 00 00 00 00 00 00 00 00 00 00 00  ................
[   56.526548] writing to lpe: 00000020: 00 00 00 00 00 00 00 00 00 00 00 00 00 00 00 00  ................
[   56.526551] writing to lpe: 00000030: 00 00 00 00 00 00 00 00 00 00 00 00 00 00 00 00  ................
[   56.526554] writing to lpe: 00000040: 00 00 00 00 00 00 00 00 00 00 00 00 00 00 00 00  ................
[   56.526557] writing to lpe: 00000050: 00 00 00 00 00 00 00 00 00 00 00 00 00 00 00 00  ................
[   56.526560] writing to lpe: 00000060: 00 00 00 00 00 00 00 00 00 00 00 00 00 00 00 00  ................
[   56.526563] writing to lpe: 00000070: 00 00 00 00 00 00 00 00 00 00 00 00 00 00 00 00  ................
[   56.526566] writing to lpe: 00000080: 00 00 00 00 00 00 00 00 00 00 00 00 00 00 00 00  ................
[   56.526568] writing to lpe: 00000090: 00 00 00 00 00 00 00 00 00 00 00 00 00 00 00 00  ................
[   56.526571] writing to lpe: 000000a0: 00 00 00 00 00 00 00 00 00 00 00 00 00 00 00 00  ................
[   56.526574] writing to lpe: 000000b0: 00 00 00 00 00 00 00 00 00 00 00 00 00 00 00 00  ................
[   56.526577] writing to lpe: 000000c0: 00 00 00 00 00 00 00 00 00 00 00 00 00 00 00 00  ................
[   56.526580] writing to lpe: 000000d0: 00 00 00 00 00 00 00 00 00 00 00 00 00 00 00 00  ................
[   56.526583] writing to lpe: 000000e0: 00 00 00 00 00 00 00 00 00 00 00 00 00 00 00 00  ................
[   56.526586] writing to lpe: 000000f0: 00 00 00 00 00 00 00 00 00 00 00 00 00 00 00 00  ................
[   56.526589] writing to lpe: 00000100: 00 00 00 00 00 00 00 00 00 00 00 00 00 00 00 00  ................
[   56.526592] writing to lpe: 00000110: 00 00 00 00 00 00 00 00 00 00 00 00 00 00 00 00  ................
[   56.526601] writing to lpe: 00000120: 00 00 00 00 00 00 00 00 00 00 00 00 00 00 00 00  ................
[   56.526604] writing to lpe: 00000130: 00 00 00 00 00 00 00 00 00 00 00 00              ............
[   56.527455] writing to lpe: 00000000: 01 02 01 01 00 00 26 01 00 06 79 00 74 00 00 00  ......&...y.t...
[   56.527459] writing to lpe: 00000010: 00 00 00 00 00 00 00 00 00 00 00 00 00 00 00 00  ................
[   56.527462] writing to lpe: 00000020: 00 00 00 00 00 00 00 00 00 00 00 00 00 00 00 00  ................
[   56.527465] writing to lpe: 00000030: 00 00 00 00 00 00 00 00 00 00 00 00 00 00 00 00  ................
[   56.527468] writing to lpe: 00000040: 00 00 00 00 00 00 00 00 00 00 00 00 00 00 00 00  ................
[   56.527471] writing to lpe: 00000050: 00 00 00 00 00 00 00 00 00 00 00 00 00 00 00 00  ................
[   56.527474] writing to lpe: 00000060: 00 00 00 00 00 00 00 00 00 00 00 00 00 00 00 00  ................
[   56.527480] writing to lpe: 00000070: 00 00 00 00 00 00 00 00 00 00 00 00 00 00 00 00  ................
[   56.527482] writing to lpe: 00000080: 00 00 00 00 00 00 00 00 00 00 00 00 00 00 00 00  ................
[   56.527485] writing to lpe: 00000090: 00 00 00 00 00 00 00 00 00 00 00 00 00 00 00 00  ................
[   56.527488] writing to lpe: 000000a0: 00 00 00 00 00 00 00 00 00 00 00 00 00 00 00 00  ................
[   56.527491] writing to lpe: 000000b0: 00 00 00 00 00 00 00 00 00 00 00 00 00 00 00 00  ................
[   56.527494] writing to lpe: 000000c0: 00 00 00 00 00 00 00 00 00 00 00 00 00 00 00 00  ................
[   56.527497] writing to lpe: 000000d0: 00 00 00 00 00 00 00 00 00 00 00 00 00 00 00 00  ................
[   56.527500] writing to lpe: 000000e0: 00 00 00 00 00 00 00 00 00 00 00 00 00 00 00 00  ................
[   56.527503] writing to lpe: 000000f0: 00 00 00 00 00 00 00 00 00 00 00 00 00 00 00 00  ................
[   56.527506] writing to lpe: 00000100: 00 00 00 00 00 00 00 00 00 00 00 00 00 00 00 00  ................
[   56.527509] writing to lpe: 00000110: 00 00 00 00 00 00 00 00 00 00 00 00 00 00 00 00  ................
[   56.527512] writing to lpe: 00000120: 00 00 00 00 00 00 00 00 00 00 00 00 00 00        ..............
[   56.528309] writing to lpe: 00000000: 01 02 01 01 00 00 14 00 ff ff ff ff 21 00 0c 00  ............!...
[   56.528314] writing to lpe: 00000010: 01 00 00 06 67 00 00 00 00 00 32 00              ....g.....2.
[   56.528485] writing to lpe: 00000000: 01 01 01 01 00 00 0a 00 ff 0e ff ff 77 00 02 00  ............w...
[   56.528489] writing to lpe: 00000010: 01 00                                            ..
[   56.528761] writing to lpe: 00000000: 01 02 01 01 00 00 14 00 ff ff ff ff 21 00 0c 00  ............!...
[   56.528765] writing to lpe: 00000010: 01 00 00 0e 67 00 00 00 00 00 32 00              ....g.....2.
[   56.529725] writing to lpe: 00000000: 01 02 01 01 00 00 14 00 ff ff ff ff 21 00 0c 00  ............!...
[   56.529730] writing to lpe: 00000010: 01 00 00 0e 67 00 00 00 00 00 32 00              ....g.....2.
[   56.562966] writing to lpe: 00000000: 01 02 01 01 00 00 14 00 ff ff ff ff 21 00 0c 00  ............!...
[   56.562974] writing to lpe: 00000010: 01 00 00 0e 67 00 60 fa 60 fa 32 00              ....g.`.`.2.
[   56.584578] intel_sst_acpi 808622A8:00: Free for str 3 pipe 0xe
[   56.585021] writing to lpe: 00000000: 01 01 01 01 00 00 0e 00 ff 06 ff ff 76 00 06 00  ............v...
[   56.585025] writing to lpe: 00000010: 00 00 ff 69 00 00                                ...i..
[   56.585639] writing to lpe: 00000000: 01 01 01 01 00 00 0a 00 ff 0e ff ff 77 00 02 00  ............w...
[   56.585645] writing to lpe: 00000010: 00 00                                            ..
[   56.586140] writing to lpe: 00000000: 01 01 01 01 00 00 14 00 ff ff ff ff 72 00 0c 00  ............r...
[   56.586145] writing to lpe: 00000010: ff 06 ff ff 00 00 01 00 ff 82 ff ff              ............
[   56.586275] writing to lpe: 00000000: 01 01 01 01 00 00 14 00 ff ff ff ff 72 00 0c 00  ............r...
[   56.586286] writing to lpe: 00000010: ff 0e ff ff 00 00 01 00 ff 86 ff ff              ............
[   59.271011] arcbr0: port 1(veth_android) entered forwarding state
[   62.988601] SELinux: initialized (dev proc, type proc), uses genfs_contexts
[   65.560243] SELinux: initialized (dev proc, type proc), uses genfs_contexts
[   65.604358] SELinux: initialized (dev proc, type proc), uses genfs_contexts
[   69.492622] SELinux: initialized (dev proc, type proc), uses genfs_contexts
[   69.762843] SELinux: initialized (dev proc, type proc), uses genfs_contexts
[   69.951375] SELinux: initialized (dev proc, type proc), uses genfs_contexts
[   70.020332] SELinux: initialized (dev proc, type proc), uses genfs_contexts
[   70.333433] SELinux: initialized (dev proc, type proc), uses genfs_contexts
[   77.408202] sst-mfld-platform sst-mfld-platform: Enter: enable=0 port_name=ssp2-port
[   77.408226] writing to lpe: 00000000: 01 01 01 01 00 00 1a 00 ff ff ff ff 75 00 12 00  ............u...
[   77.408230] writing to lpe: 00000010: 03 00 00 00 18 09 0f ff 0f ff 03 00 01 01 01 00  ................
[   77.408233] writing to lpe: 00000020: 00 00                                            ..
[   77.429525] writing to lpe: 00000000: 01 01 01 01 00 00 08 00 ff ff ff ff 0e 00 00 00  ................
[   77.429784] writing to lpe: 00000000: 01 02 01 03 00 00 14 00 ff ff ff ff 21 00 0c 00  ............!...
[   77.429788] writing to lpe: 00000010: 01 00 00 90 67 00 60 fa 60 fa 32 00              ....g.`.`.2.
[   77.430093] intel_sst_acpi 808622A8:00: Free for str 1 pipe 0x90
[   77.551125] writing to lpe: 00000000: 01 01 01 01 00 00 0a 00 ff 8d ff ff 77 00 02 00  ............w...
[   77.551135] writing to lpe: 00000010: 00 00                                            ..
[   77.551441] writing to lpe: 00000000: 01 01 01 03 00 00 0a 00 ff 12 ff ff 77 00 02 00  ............w...
[   77.551446] writing to lpe: 00000010: 00 00                                            ..
[   77.551708] writing to lpe: 00000000: 01 01 01 01 00 00 14 00 ff ff ff ff 72 00 0c 00  ............r...
[   77.551712] writing to lpe: 00000010: ff 02 ff ff 00 00 01 00 ff 8d ff ff              ............
[   77.551838] writing to lpe: 00000000: 01 01 01 03 00 00 14 00 ff ff ff ff 72 00 0c 00  ............r...
[   77.551842] writing to lpe: 00000010: ff 12 ff ff 00 00 01 00 ff 90 ff ff              ............
[   81.285017] SELinux: initialized (dev proc, type proc), uses genfs_contexts
[   81.295506] SELinux: initialized (dev proc, type proc), uses genfs_contexts
[   81.333898] SELinux: initialized (dev proc, type proc), uses genfs_contexts
[   81.391171] SELinux: initialized (dev proc, type proc), uses genfs_contexts
[   81.438803] SELinux: initialized (dev proc, type proc), uses genfs_contexts
[   87.288041] SELinux: initialized (dev proc, type proc), uses genfs_contexts
[   98.437611] SELinux: initialized (dev proc, type proc), uses genfs_contexts
[   98.642259] SELinux: initialized (dev proc, type proc), uses genfs_contexts
[  104.402763] writing to lpe: 00000000: 01 01 01 01 00 00 08 00 ff ff ff ff 55 00 00 00  ............U...
[  104.414302] sst-mfld-platform sst-mfld-platform: Enter: enable=1 port_name=ssp2-port
[  104.414324] writing to lpe: 00000000: 01 01 01 01 00 00 1a 00 ff ff ff ff 75 00 12 00  ............u...
[  104.414328] writing to lpe: 00000010: 03 00 03 00 18 09 0f ff 0f ff 03 00 01 01 01 00  ................
[  104.414331] writing to lpe: 00000020: 00 00                                            ..
[  104.655166] intel_sst_acpi 808622A8:00: Alloc for str 1 pipe 0x90
[  104.656472] writing to lpe: 00000000: 01 02 01 01 00 00 1e 00 ff ff ff ff 82 00 16 00  ................
[  104.656480] writing to lpe: 00000010: 82 00 12 00 03 00 01 02 04 08 10 20 40 80 01 02  ........... @...
[  104.656483] writing to lpe: 00000020: 04 08 10 20 40 80                                ... @.
[  104.657224] writing to lpe: 00000000: 01 02 01 01 00 00 14 00 ff ff ff ff 21 00 0c 00  ............!...
[  104.657228] writing to lpe: 00000010: 01 00 00 02 67 00 00 00 00 00 32 00              ....g.....2.
[  104.657423] writing to lpe: 00000000: 01 01 01 01 00 00 14 00 ff ff ff ff 72 00 0c 00  ............r...
[  104.657428] writing to lpe: 00000010: ff 02 ff ff 03 00 01 00 ff 8d ff ff              ............
[  104.657629] writing to lpe: 00000000: 01 01 01 03 00 00 14 00 ff ff ff ff 72 00 0c 00  ............r...
[  104.657633] writing to lpe: 00000010: ff 12 ff ff 03 00 01 00 ff 90 ff ff              ............
[  104.657835] writing to lpe: 00000000: 01 01 01 03 00 00 0a 00 ff 12 ff ff 77 00 02 00  ............w...
[  104.657840] writing to lpe: 00000010: 01 00                                            ..
[  104.658281] writing to lpe: 00000000: 01 01 01 01 00 00 0a 00 ff 8d ff ff 77 00 02 00  ............w...
[  104.658285] writing to lpe: 00000010: 01 00                                            ..
[  104.658492] writing to lpe: 00000000: 01 02 01 01 00 00 14 00 ff ff ff ff 21 00 0c 00  ............!...
[  104.658497] writing to lpe: 00000010: 01 00 00 8d 67 00 00 00 00 00 32 00              ....g.....2.
[  104.658937] writing to lpe: 00000000: 01 02 01 03 00 00 14 00 ff ff ff ff 21 00 0c 00  ............!...
[  104.658941] writing to lpe: 00000010: 01 00 00 90 67 00 00 00 00 00 32 00              ....g.....2.
[  129.015558] binder: 5300:5310 DecRefs 0 refcount change on invalid ref 38 ret -22
[  136.236003] binder: 3231:3400 transaction failed 29189/-22, size 360-0 line 3001
[  162.816079] sst-mfld-platform sst-mfld-platform: Enter: enable=0 port_name=ssp2-port
[  162.816105] writing to lpe: 00000000: 01 01 01 01 00 00 1a 00 ff ff ff ff 75 00 12 00  ............u...
[  162.816110] writing to lpe: 00000010: 03 00 00 00 18 09 0f ff 0f ff 03 00 01 01 01 00  ................
[  162.816115] writing to lpe: 00000020: 00 00                                            ..
[  162.838606] writing to lpe: 00000000: 01 01 01 01 00 00 08 00 ff ff ff ff 0e 00 00 00  ................
[  162.838855] writing to lpe: 00000000: 01 02 01 03 00 00 14 00 ff ff ff ff 21 00 0c 00  ............!...
[  162.838862] writing to lpe: 00000010: 01 00 00 90 67 00 60 fa 60 fa 32 00              ....g.`.`.2.
[  162.839460] intel_sst_acpi 808622A8:00: Free for str 1 pipe 0x90
[  162.961561] writing to lpe: 00000000: 01 01 01 01 00 00 0a 00 ff 8d ff ff 77 00 02 00  ............w...
[  162.961571] writing to lpe: 00000010: 00 00                                            ..
[  162.961847] writing to lpe: 00000000: 01 01 01 03 00 00 0a 00 ff 12 ff ff 77 00 02 00  ............w...
[  162.961851] writing to lpe: 00000010: 00 00                                            ..
[  162.962125] writing to lpe: 00000000: 01 01 01 01 00 00 14 00 ff ff ff ff 72 00 0c 00  ............r...
[  162.962130] writing to lpe: 00000010: ff 02 ff ff 00 00 01 00 ff 8d ff ff              ............
[  162.962251] writing to lpe: 00000000: 01 01 01 03 00 00 14 00 ff ff ff ff 72 00 0c 00  ............r...
[  162.962255] writing to lpe: 00000010: ff 12 ff ff 00 00 01 00 ff 90 ff ff              ............
[  165.935945] writing to lpe: 00000000: 01 01 01 01 00 00 08 00 ff ff ff ff 55 00 00 00  ............U...
[  165.947273] sst-mfld-platform sst-mfld-platform: Enter: enable=1 port_name=ssp2-port
[  165.947296] writing to lpe: 00000000: 01 01 01 01 00 00 1a 00 ff ff ff ff 75 00 12 00  ............u...
[  165.947299] writing to lpe: 00000010: 03 00 03 00 18 09 0f ff 0f ff 03 00 01 01 01 00  ................
[  165.947302] writing to lpe: 00000020: 00 00                                            ..
[  166.191629] intel_sst_acpi 808622A8:00: Alloc for str 1 pipe 0x90
[  166.192425] writing to lpe: 00000000: 01 02 01 01 00 00 1e 00 ff ff ff ff 82 00 16 00  ................
[  166.192430] writing to lpe: 00000010: 82 00 12 00 03 00 01 02 04 08 10 20 40 80 01 02  ........... @...
[  166.192434] writing to lpe: 00000020: 04 08 10 20 40 80                                ... @.
[  166.193205] writing to lpe: 00000000: 01 02 01 01 00 00 14 00 ff ff ff ff 21 00 0c 00  ............!...
[  166.193211] writing to lpe: 00000010: 01 00 00 02 67 00 00 00 00 00 32 00              ....g.....2.
[  166.193408] writing to lpe: 00000000: 01 01 01 01 00 00 14 00 ff ff ff ff 72 00 0c 00  ............r...
[  166.193412] writing to lpe: 00000010: ff 02 ff ff 03 00 01 00 ff 8d ff ff              ............
[  166.193564] writing to lpe: 00000000: 01 01 01 03 00 00 14 00 ff ff ff ff 72 00 0c 00  ............r...
[  166.193568] writing to lpe: 00000010: ff 12 ff ff 03 00 01 00 ff 90 ff ff              ............
[  166.193753] writing to lpe: 00000000: 01 01 01 03 00 00 0a 00 ff 12 ff ff 77 00 02 00  ............w...
[  166.193757] writing to lpe: 00000010: 01 00                                            ..
[  166.194066] writing to lpe: 00000000: 01 01 01 01 00 00 0a 00 ff 8d ff ff 77 00 02 00  ............w...
[  166.194070] writing to lpe: 00000010: 01 00                                            ..
[  166.194429] writing to lpe: 00000000: 01 02 01 01 00 00 14 00 ff ff ff ff 21 00 0c 00  ............!...
[  166.194433] writing to lpe: 00000010: 01 00 00 8d 67 00 00 00 00 00 32 00              ....g.....2.
[  166.194678] writing to lpe: 00000000: 01 02 01 03 00 00 14 00 ff ff ff ff 21 00 0c 00  ............!...
[  166.194682] writing to lpe: 00000010: 01 00 00 90 67 00 00 00 00 00 32 00              ....g.....2.
[  195.549236] sst-mfld-platform sst-mfld-platform: Enter: enable=0 port_name=ssp2-port
[  195.549260] writing to lpe: 00000000: 01 01 01 01 00 00 1a 00 ff ff ff ff 75 00 12 00  ............u...
[  195.549264] writing to lpe: 00000010: 03 00 00 00 18 09 0f ff 0f ff 03 00 01 01 01 00  ................
[  195.549267] writing to lpe: 00000020: 00 00                                            ..
[  195.571959] writing to lpe: 00000000: 01 01 01 01 00 00 08 00 ff ff ff ff 0e 00 00 00  ................
[  195.572193] writing to lpe: 00000000: 01 02 01 03 00 00 14 00 ff ff ff ff 21 00 0c 00  ............!...
[  195.572197] writing to lpe: 00000010: 01 00 00 90 67 00 60 fa 60 fa 32 00              ....g.`.`.2.
[  195.572538] intel_sst_acpi 808622A8:00: Free for str 1 pipe 0x90
[  195.693287] writing to lpe: 00000000: 01 01 01 01 00 00 0a 00 ff 8d ff ff 77 00 02 00  ............w...
[  195.693297] writing to lpe: 00000010: 00 00                                            ..
[  195.693849] writing to lpe: 00000000: 01 01 01 03 00 00 0a 00 ff 12 ff ff 77 00 02 00  ............w...
[  195.693855] writing to lpe: 00000010: 00 00                                            ..
[  195.694109] writing to lpe: 00000000: 01 01 01 01 00 00 14 00 ff ff ff ff 72 00 0c 00  ............r...
[  195.694114] writing to lpe: 00000010: ff 02 ff ff 00 00 01 00 ff 8d ff ff              ............
[  195.694245] writing to lpe: 00000000: 01 01 01 03 00 00 14 00 ff ff ff ff 72 00 0c 00  ............r...
[  195.694249] writing to lpe: 00000010: ff 12 ff ff 00 00 01 00 ff 90 ff ff              ............
[  201.722518] writing to lpe: 00000000: 01 01 01 01 00 00 08 00 ff ff ff ff 55 00 00 00  ............U...
[  201.734113] sst-mfld-platform sst-mfld-platform: Enter: enable=1 port_name=ssp2-port
[  201.734137] writing to lpe: 00000000: 01 01 01 01 00 00 1a 00 ff ff ff ff 75 00 12 00  ............u...
[  201.734141] writing to lpe: 00000010: 03 00 03 00 18 09 0f ff 0f ff 03 00 01 01 01 00  ................
[  201.734144] writing to lpe: 00000020: 00 00                                            ..
[  201.867898] SELinux: initialized (dev proc, type proc), uses genfs_contexts
[  201.973911] intel_sst_acpi 808622A8:00: Alloc for str 1 pipe 0x90
[  201.974866] writing to lpe: 00000000: 01 02 01 01 00 00 1e 00 ff ff ff ff 82 00 16 00  ................
[  201.974874] writing to lpe: 00000010: 82 00 12 00 03 00 01 02 04 08 10 20 40 80 01 02  ........... @...
[  201.974877] writing to lpe: 00000020: 04 08 10 20 40 80                                ... @.
[  201.975125] writing to lpe: 00000000: 01 02 01 01 00 00 14 00 ff ff ff ff 21 00 0c 00  ............!...
[  201.975129] writing to lpe: 00000010: 01 00 00 02 67 00 00 00 00 00 32 00              ....g.....2.
[  201.975329] writing to lpe: 00000000: 01 01 01 01 00 00 14 00 ff ff ff ff 72 00 0c 00  ............r...
[  201.975334] writing to lpe: 00000010: ff 02 ff ff 03 00 01 00 ff 8d ff ff              ............
[  201.976835] writing to lpe: 00000000: 01 01 01 03 00 00 14 00 ff ff ff ff 72 00 0c 00  ............r...
[  201.976840] writing to lpe: 00000010: ff 12 ff ff 03 00 01 00 ff 90 ff ff              ............
[  201.977030] writing to lpe: 00000000: 01 01 01 03 00 00 0a 00 ff 12 ff ff 77 00 02 00  ............w...
[  201.977035] writing to lpe: 00000010: 01 00                                            ..
[  201.977347] writing to lpe: 00000000: 01 01 01 01 00 00 0a 00 ff 8d ff ff 77 00 02 00  ............w...
[  201.977351] writing to lpe: 00000010: 01 00                                            ..
[  201.977584] writing to lpe: 00000000: 01 02 01 01 00 00 14 00 ff ff ff ff 21 00 0c 00  ............!...
[  201.977588] writing to lpe: 00000010: 01 00 00 8d 67 00 00 00 00 00 32 00              ....g.....2.
[  201.978210] writing to lpe: 00000000: 01 02 01 03 00 00 14 00 ff ff ff ff 21 00 0c 00  ............!...
[  201.978215] writing to lpe: 00000010: 01 00 00 90 67 00 00 00 00 00 32 00              ....g.....2.
[  214.753452] SELinux: initialized (dev proc, type proc), uses genfs_contexts
[  214.825271] SELinux: initialized (dev proc, type proc), uses genfs_contexts
[  214.887365] SELinux: initialized (dev proc, type proc), uses genfs_contexts
[  221.881419] SELinux: initialized (dev proc, type proc), uses genfs_contexts
[  222.081493] SELinux: initialized (dev proc, type proc), uses genfs_contexts
[  222.182372] SELinux: initialized (dev proc, type proc), uses genfs_contexts
[  222.408511] SELinux: initialized (dev proc, type proc), uses genfs_contexts
[  222.642366] SELinux: initialized (dev proc, type proc), uses genfs_contexts
[  223.752630] SELinux: initialized (dev proc, type proc), uses genfs_contexts
[  223.817205] SELinux: initialized (dev proc, type proc), uses genfs_contexts
[  224.249620] SELinux: initialized (dev proc, type proc), uses genfs_contexts
[  224.510901] SELinux: initialized (dev proc, type proc), uses genfs_contexts
[  224.648291] sst-mfld-platform sst-mfld-platform: Enter: enable=0 port_name=ssp2-port
[  224.648317] writing to lpe: 00000000: 01 01 01 01 00 00 1a 00 ff ff ff ff 75 00 12 00  ............u...
[  224.648323] writing to lpe: 00000010: 03 00 00 00 18 09 0f ff 0f ff 03 00 01 01 01 00  ................
[  224.648327] writing to lpe: 00000020: 00 00                                            ..
[  224.670562] writing to lpe: 00000000: 01 01 01 01 00 00 08 00 ff ff ff ff 0e 00 00 00  ................
[  224.671440] writing to lpe: 00000000: 01 02 01 03 00 00 14 00 ff ff ff ff 21 00 0c 00  ............!...
[  224.671445] writing to lpe: 00000010: 01 00 00 90 67 00 60 fa 60 fa 32 00              ....g.`.`.2.
[  224.672282] intel_sst_acpi 808622A8:00: Free for str 1 pipe 0x90
[  224.716691] SELinux: initialized (dev proc, type proc), uses genfs_contexts
[  224.793339] writing to lpe: 00000000: 01 01 01 01 00 00 0a 00 ff 8d ff ff 77 00 02 00  ............w...
[  224.793349] writing to lpe: 00000010: 00 00                                            ..
[  224.793924] writing to lpe: 00000000: 01 01 01 03 00 00 0a 00 ff 12 ff ff 77 00 02 00  ............w...
[  224.793928] writing to lpe: 00000010: 00 00                                            ..
[  224.794192] writing to lpe: 00000000: 01 01 01 01 00 00 14 00 ff ff ff ff 72 00 0c 00  ............r...
[  224.794196] writing to lpe: 00000010: ff 02 ff ff 00 00 01 00 ff 8d ff ff              ............
[  224.794326] writing to lpe: 00000000: 01 01 01 03 00 00 14 00 ff ff ff ff 72 00 0c 00  ............r...
[  224.794330] writing to lpe: 00000010: ff 12 ff ff 00 00 01 00 ff 90 ff ff              ............
[  230.135680] SELinux: initialized (dev proc, type proc), uses genfs_contexts
[  230.362313] SELinux: initialized (dev proc, type proc), uses genfs_contexts
[  230.440592] SELinux: initialized (dev proc, type proc), uses genfs_contexts
[  230.585694] SELinux: initialized (dev proc, type proc), uses genfs_contexts
[  230.788928] SELinux: initialized (dev proc, type proc), uses genfs_contexts
[  237.121996] writing to lpe: 00000000: 01 01 01 01 00 00 08 00 ff ff ff ff 55 00 00 00  ............U...
[  237.133956] sst-mfld-platform sst-mfld-platform: Enter: enable=1 port_name=ssp2-port
[  237.133987] writing to lpe: 00000000: 01 01 01 01 00 00 1a 00 ff ff ff ff 75 00 12 00  ............u...
[  237.133990] writing to lpe: 00000010: 03 00 03 00 18 09 0f ff 0f ff 03 00 01 01 01 00  ................
[  237.133993] writing to lpe: 00000020: 00 00                                            ..
[  237.379308] intel_sst_acpi 808622A8:00: Alloc for str 1 pipe 0x90
[  237.379965] writing to lpe: 00000000: 01 02 01 01 00 00 1e 00 ff ff ff ff 82 00 16 00  ................
